Archive member included because of file (symbol)

/opt/Freescale/KDS_v3/toolchain/bin/../lib/gcc/arm-none-eabi/4.8.4/../../../../arm-none-eabi/lib/armv6-m/libm.a(lib_a-w_log.o)
                              ./AppSmartAqua/AppTemperature.o (log)
/opt/Freescale/KDS_v3/toolchain/bin/../lib/gcc/arm-none-eabi/4.8.4/../../../../arm-none-eabi/lib/armv6-m/libm.a(lib_a-w_pow.o)
                              ./AppSmartAqua/AppTemperature.o (pow)
/opt/Freescale/KDS_v3/toolchain/bin/../lib/gcc/arm-none-eabi/4.8.4/../../../../arm-none-eabi/lib/armv6-m/libm.a(lib_a-e_log.o)
                              /opt/Freescale/KDS_v3/toolchain/bin/../lib/gcc/arm-none-eabi/4.8.4/../../../../arm-none-eabi/lib/armv6-m/libm.a(lib_a-w_log.o) (__ieee754_log)
/opt/Freescale/KDS_v3/toolchain/bin/../lib/gcc/arm-none-eabi/4.8.4/../../../../arm-none-eabi/lib/armv6-m/libm.a(lib_a-e_pow.o)
                              /opt/Freescale/KDS_v3/toolchain/bin/../lib/gcc/arm-none-eabi/4.8.4/../../../../arm-none-eabi/lib/armv6-m/libm.a(lib_a-w_pow.o) (__ieee754_pow)
/opt/Freescale/KDS_v3/toolchain/bin/../lib/gcc/arm-none-eabi/4.8.4/../../../../arm-none-eabi/lib/armv6-m/libm.a(lib_a-e_sqrt.o)
                              /opt/Freescale/KDS_v3/toolchain/bin/../lib/gcc/arm-none-eabi/4.8.4/../../../../arm-none-eabi/lib/armv6-m/libm.a(lib_a-e_pow.o) (__ieee754_sqrt)
/opt/Freescale/KDS_v3/toolchain/bin/../lib/gcc/arm-none-eabi/4.8.4/../../../../arm-none-eabi/lib/armv6-m/libm.a(lib_a-s_fabs.o)
                              /opt/Freescale/KDS_v3/toolchain/bin/../lib/gcc/arm-none-eabi/4.8.4/../../../../arm-none-eabi/lib/armv6-m/libm.a(lib_a-e_pow.o) (fabs)
/opt/Freescale/KDS_v3/toolchain/bin/../lib/gcc/arm-none-eabi/4.8.4/../../../../arm-none-eabi/lib/armv6-m/libm.a(lib_a-s_finite.o)
                              /opt/Freescale/KDS_v3/toolchain/bin/../lib/gcc/arm-none-eabi/4.8.4/../../../../arm-none-eabi/lib/armv6-m/libm.a(lib_a-w_pow.o) (finite)
/opt/Freescale/KDS_v3/toolchain/bin/../lib/gcc/arm-none-eabi/4.8.4/../../../../arm-none-eabi/lib/armv6-m/libm.a(lib_a-s_fpclassify.o)
                              /opt/Freescale/KDS_v3/toolchain/bin/../lib/gcc/arm-none-eabi/4.8.4/../../../../arm-none-eabi/lib/armv6-m/libm.a(lib_a-w_log.o) (__fpclassifyd)
/opt/Freescale/KDS_v3/toolchain/bin/../lib/gcc/arm-none-eabi/4.8.4/../../../../arm-none-eabi/lib/armv6-m/libm.a(lib_a-s_lib_ver.o)
                              /opt/Freescale/KDS_v3/toolchain/bin/../lib/gcc/arm-none-eabi/4.8.4/../../../../arm-none-eabi/lib/armv6-m/libm.a(lib_a-w_log.o) (__fdlib_version)
/opt/Freescale/KDS_v3/toolchain/bin/../lib/gcc/arm-none-eabi/4.8.4/../../../../arm-none-eabi/lib/armv6-m/libm.a(lib_a-s_matherr.o)
                              /opt/Freescale/KDS_v3/toolchain/bin/../lib/gcc/arm-none-eabi/4.8.4/../../../../arm-none-eabi/lib/armv6-m/libm.a(lib_a-w_log.o) (matherr)
/opt/Freescale/KDS_v3/toolchain/bin/../lib/gcc/arm-none-eabi/4.8.4/../../../../arm-none-eabi/lib/armv6-m/libm.a(lib_a-s_nan.o)
                              /opt/Freescale/KDS_v3/toolchain/bin/../lib/gcc/arm-none-eabi/4.8.4/../../../../arm-none-eabi/lib/armv6-m/libm.a(lib_a-w_log.o) (nan)
/opt/Freescale/KDS_v3/toolchain/bin/../lib/gcc/arm-none-eabi/4.8.4/../../../../arm-none-eabi/lib/armv6-m/libm.a(lib_a-s_rint.o)
                              /opt/Freescale/KDS_v3/toolchain/bin/../lib/gcc/arm-none-eabi/4.8.4/../../../../arm-none-eabi/lib/armv6-m/libm.a(lib_a-w_pow.o) (rint)
/opt/Freescale/KDS_v3/toolchain/bin/../lib/gcc/arm-none-eabi/4.8.4/../../../../arm-none-eabi/lib/armv6-m/libm.a(lib_a-s_scalbn.o)
                              /opt/Freescale/KDS_v3/toolchain/bin/../lib/gcc/arm-none-eabi/4.8.4/../../../../arm-none-eabi/lib/armv6-m/libm.a(lib_a-e_pow.o) (scalbn)
/opt/Freescale/KDS_v3/toolchain/bin/../lib/gcc/arm-none-eabi/4.8.4/../../../../arm-none-eabi/lib/armv6-m/libm.a(lib_a-s_copysign.o)
                              /opt/Freescale/KDS_v3/toolchain/bin/../lib/gcc/arm-none-eabi/4.8.4/../../../../arm-none-eabi/lib/armv6-m/libm.a(lib_a-s_scalbn.o) (copysign)
/opt/Freescale/KDS_v3/toolchain/bin/../lib/gcc/arm-none-eabi/4.8.4/armv6-m/libgcc.a(_udivsi3.o)
                              ./utilities/fsl_str.o (__aeabi_uidiv)
/opt/Freescale/KDS_v3/toolchain/bin/../lib/gcc/arm-none-eabi/4.8.4/armv6-m/libgcc.a(_divsi3.o)
                              ./utilities/fsl_str.o (__aeabi_idiv)
/opt/Freescale/KDS_v3/toolchain/bin/../lib/gcc/arm-none-eabi/4.8.4/armv6-m/libgcc.a(_dvmd_tls.o)
                              /opt/Freescale/KDS_v3/toolchain/bin/../lib/gcc/arm-none-eabi/4.8.4/armv6-m/libgcc.a(_udivsi3.o) (__aeabi_idiv0)
/opt/Freescale/KDS_v3/toolchain/bin/../lib/gcc/arm-none-eabi/4.8.4/armv6-m/libgcc.a(_arm_cmpdf2.o)
                              /opt/Freescale/KDS_v3/toolchain/bin/../lib/gcc/arm-none-eabi/4.8.4/../../../../arm-none-eabi/lib/armv6-m/libm.a(lib_a-w_log.o) (__aeabi_dcmpeq)
/opt/Freescale/KDS_v3/toolchain/bin/../lib/gcc/arm-none-eabi/4.8.4/armv6-m/libgcc.a(_arm_cmpsf2.o)
[...]
Memory Configuration

Name             Origin             Length             Attributes
m_interrupts     0x00000000         0x00000200         xr
m_flash_config   0x00000400         0x00000010         xr
m_text           0x00000410         0x0001fbf0         xr
m_data           0x1ffff000         0x00004000         rw
*default*        0x00000000         0xffffffff

Linker script and memory map

LOAD /opt/Freescale/KDS_v3/toolchain/bin/../lib/gcc/arm-none-eabi/4.8.4/armv6-m/crti.o
LOAD /opt/Freescale/KDS_v3/toolchain/bin/../lib/gcc/arm-none-eabi/4.8.4/armv6-m/crtbegin.o
LOAD /opt/Freescale/KDS_v3/toolchain/bin/../lib/gcc/arm-none-eabi/4.8.4/../../../../arm-none-eabi/lib/armv6-m/crt0.o
LOAD ./utilities/fsl_assert.o
LOAD ./utilities/fsl_debug_console.o
LOAD ./utilities/fsl_io.o
LOAD ./utilities/fsl_log.o
LOAD ./utilities/fsl_notifier.o
LOAD ./utilities/fsl_shell.o
LOAD ./utilities/fsl_str.o
LOAD ./startup/startup_MKE06Z4.o
LOAD ./source/main.o
LOAD ./freertos/source/croutine.o
LOAD ./freertos/source/event_groups.o
LOAD ./freertos/source/list.o
LOAD ./freertos/source/queue.o
LOAD ./freertos/source/tasks.o
LOAD ./freertos/source/timers.o
LOAD ./freertos/portable/fsl_tickless_systick.o
LOAD ./freertos/portable/heap_4.o
LOAD ./freertos/portable/port.o
LOAD ./drivers/fsl_acmp.o
LOAD ./drivers/fsl_adc.o
LOAD ./drivers/fsl_clock.o
LOAD ./drivers/fsl_common.o
LOAD ./drivers/fsl_flash.o
LOAD ./drivers/fsl_ftm.o
LOAD ./drivers/fsl_gpio.o
LOAD ./drivers/fsl_i2c.o
LOAD ./drivers/fsl_irq.o
LOAD ./drivers/fsl_kbi.o
LOAD ./drivers/fsl_mscan.o
LOAD ./drivers/fsl_pit.o
LOAD ./drivers/fsl_port.o
LOAD ./drivers/fsl_pwt.o
LOAD ./drivers/fsl_rtc.o
LOAD ./drivers/fsl_spi.o
LOAD ./drivers/fsl_tpm.o
LOAD ./drivers/fsl_uart.o
LOAD ./drivers/fsl_wdog8.o
LOAD ./board/board.o
LOAD ./board/clock_config.o
LOAD ./board/peripherals.o
LOAD ./board/pin_mux.o
LOAD ./CMSIS/system_MKE06Z4.o
LOAD ./AppSmartAqua/AppControll.o
LOAD ./AppSmartAqua/AppDisplay.o
LOAD ./AppSmartAqua/AppIO.o
LOAD ./AppSmartAqua/AppIhm.o
LOAD ./AppSmartAqua/AppLCD16x2.o
LOAD ./AppSmartAqua/AppPwm.o
LOAD ./AppSmartAqua/AppRtc.o
LOAD ./AppSmartAqua/AppShell.o
LOAD ./AppSmartAqua/AppTemperature.o
LOAD ./AppSmartAqua/AppTimer.o
LOAD /opt/Freescale/KDS_v3/toolchain/bin/../lib/gcc/arm-none-eabi/4.8.4/../../../../arm-none-eabi/lib/armv6-m/libstdc++_s.a
LOAD /opt/Freescale/KDS_v3/toolchain/bin/../lib/gcc/arm-none-eabi/4.8.4/../../../../arm-none-eabi/lib/armv6-m/libm.a
START GROUP
LOAD /opt/Freescale/KDS_v3/toolchain/bin/../lib/gcc/arm-none-eabi/4.8.4/armv6-m/libgcc.a
LOAD /opt/Freescale/KDS_v3/toolchain/bin/../lib/gcc/arm-none-eabi/4.8.4/../../../../arm-none-eabi/lib/armv6-m/libg_s.a
LOAD /opt/Freescale/KDS_v3/toolchain/bin/../lib/gcc/arm-none-eabi/4.8.4/../../../../arm-none-eabi/lib/armv6-m/libc_s.a
END GROUP
START GROUP
LOAD /opt/Freescale/KDS_v3/toolchain/bin/../lib/gcc/arm-none-eabi/4.8.4/armv6-m/libgcc.a
LOAD /opt/Freescale/KDS_v3/toolchain/bin/../lib/gcc/arm-none-eabi/4.8.4/../../../../arm-none-eabi/lib/armv6-m/libc_s.a
LOAD /opt/Freescale/KDS_v3/toolchain/bin/../lib/gcc/arm-none-eabi/4.8.4/../../../../arm-none-eabi/lib/armv6-m/libnosys.a
END GROUP
START GROUP
LOAD /opt/Freescale/KDS_v3/toolchain/bin/../lib/gcc/arm-none-eabi/4.8.4/armv6-m/libgcc.a
LOAD /opt/Freescale/KDS_v3/toolchain/bin/../lib/gcc/arm-none-eabi/4.8.4/../../../../arm-none-eabi/lib/armv6-m/libc_s.a
LOAD /opt/Freescale/KDS_v3/toolchain/bin/../lib/gcc/arm-none-eabi/4.8.4/../../../../arm-none-eabi/lib/armv6-m/libnosys.a
END GROUP
LOAD /opt/Freescale/KDS_v3/toolchain/bin/../lib/gcc/arm-none-eabi/4.8.4/armv6-m/crtend.o
LOAD /opt/Freescale/KDS_v3/toolchain/bin/../lib/gcc/arm-none-eabi/4.8.4/armv6-m/crtn.o
                0x00000400                HEAP_SIZE = DEFINED (__heap_size__)?__heap_size__:0x400
                0x00000400                STACK_SIZE = DEFINED (__stack_size__)?__stack_size__:0x400

.interrupts     0x00000000       0xc0
                0x00000000                . = ALIGN (0x4)
 *(.isr_vector)
 .isr_vector    0x00000000       0xc0 ./startup/startup_MKE06Z4.o
                0x00000000                __isr_vector
                0x000000c0                . = ALIGN (0x4)

.flash_config   0x00000400       0x10
                0x00000400                . = ALIGN (0x4)
 *(.FlashConfig)
 .FlashConfig   0x00000400       0x10 ./startup/startup_MKE06Z4.o
                0x00000410                . = ALIGN (0x4)

.text           0x00000410    0x126bc
                0x00000410                . = ALIGN (0x4)
 *(.text)
 .text          0x00000410       0x60 /opt/Freescale/KDS_v3/toolchain/bin/../lib/gcc/arm-none-eabi/4.8.4/armv6-m/crtbegin.o
 .text          0x00000470       0x78 /opt/Freescale/KDS_v3/toolchain/bin/../lib/gcc/arm-none-eabi/4.8.4/../../../../arm-none-eabi/lib/armv6-m/crt0.o
                0x00000470                _mainCRTStartup
                0x00000470                _start
 .text          0x000004e8       0xc4 ./startup/startup_MKE06Z4.o
                0x000004e8                Reset_Handler
                0x00000530                Reserved18_IRQHandler
                0x00000530                Reserved16_IRQHandler
                0x00000530                Reserved19_IRQHandler
                0x00000530                Reserved42_IRQHandler
                0x00000530                DefaultISR
                0x00000530                FTMRE_IRQHandler
                0x00000530                IRQ_IRQHandler
                0x00000530                Reserved20_IRQHandler
                0x00000530                Reserved17_IRQHandler
                0x00000530                ACMP0_IRQHandler
                0x00000530                PWT_IRQHandler
                0x00000530                ICS_IRQHandler
                0x00000530                PMC_IRQHandler
                0x00000530                WDOG_IRQHandler
                0x00000530                ACMP1_IRQHandler
                0x00000534                NMI_Handler
                0x00000548                I2C0_IRQHandler
                0x0000054c                I2C1_IRQHandler
                0x00000550                SPI0_IRQHandler
                0x00000554                SPI1_IRQHandler
                0x00000558                UART0_IRQHandler
                0x0000055c                UART1_IRQHandler
                0x00000564                RTC_IRQHandler
                0x00000568                MSCAN_1_IRQHandler
                0x0000056c                MSCAN_2_IRQHandler
 .text          0x000005ac       0x9c /opt/Freescale/KDS_v3/toolchain/bin/../lib/gcc/arm-none-eabi/4.8.4/armv6-m/libgcc.a(_udivsi3.o)
                0x000005ac                __udivsi3
                0x000005ac                __aeabi_uidiv
                0x00000634                __aeabi_uidivmod
 .text          0x00000648       0xc0 /opt/Freescale/KDS_v3/toolchain/bin/../lib/gcc/arm-none-eabi/4.8.4/armv6-m/libgcc.a(_divsi3.o)
                0x00000648                __aeabi_idiv
                0x00000648                __divsi3
                0x000006f4                __aeabi_idivmod
 .text          0x00000708        0x4 /opt/Freescale/KDS_v3/toolchain/bin/../lib/gcc/arm-none-eabi/4.8.4/armv6-m/libgcc.a(_dvmd_tls.o)
                0x00000708                __aeabi_ldiv0
                0x00000708                __aeabi_idiv0
 .text          0x0000070c       0x7c /opt/Freescale/KDS_v3/toolchain/bin/../lib/gcc/arm-none-eabi/4.8.4/armv6-m/libgcc.a(_arm_cmpdf2.o)
                0x0000070c                __aeabi_cdrcmple
                0x0000071c                __aeabi_cdcmple
                0x0000071c                __aeabi_cdcmpeq
                0x0000072c                __aeabi_dcmpeq
                0x00000738                __aeabi_dcmplt
                0x0000074c                __aeabi_dcmple
                0x00000760                __aeabi_dcmpgt
                0x00000774                __aeabi_dcmpge
 .text          0x00000788       0x74 /opt/Freescale/KDS_v3/toolchain/bin/../lib/gcc/arm-none-eabi/4.8.4/armv6-m/libgcc.a(_arm_cmpsf2.o)
                0x00000788                __aeabi_cfrcmple
                0x00000790                __aeabi_cfcmple
                0x00000790                __aeabi_cfcmpeq
                0x000007a0                __aeabi_fcmpeq
                0x000007ac                __aeabi_fcmplt
                0x000007c0                __aeabi_fcmple
                0x000007d4                __aeabi_fcmpgt
                0x000007e8                __aeabi_fcmpge
 .text          0x000007fc       0x40 /opt/Freescale/KDS_v3/toolchain/bin/../lib/gcc/arm-none-eabi/4.8.4/armv6-m/libgcc.a(_aeabi_uldivmod.o)
                0x000007fc                __aeabi_uldivmod
 .text          0x0000083c       0x44 /opt/Freescale/KDS_v3/toolchain/bin/../lib/gcc/arm-none-eabi/4.8.4/armv6-m/libgcc.a(_muldi3.o)
                0x0000083c                __aeabi_lmul
                0x0000083c                __muldi3
 .text          0x00000880       0x30 /opt/Freescale/KDS_v3/toolchain/bin/../lib/gcc/arm-none-eabi/4.8.4/armv6-m/libgcc.a(_fixunssfsi.o)
                0x00000880                __aeabi_f2uiz
                0x00000880                __fixunssfsi
 .text          0x000008b0       0x6c /opt/Freescale/KDS_v3/toolchain/bin/../lib/gcc/arm-none-eabi/4.8.4/armv6-m/libgcc.a(bpabi.o)
                0x000008b0                __gnu_ldivmod_helper
                0x000008e8                __gnu_uldivmod_helper
 .text          0x0000091c      0x2d8 /opt/Freescale/KDS_v3/toolchain/bin/../lib/gcc/arm-none-eabi/4.8.4/armv6-m/libgcc.a(addsf3.o)
                0x0000091c                __aeabi_fadd
 .text          0x00000bf4      0x24c /opt/Freescale/KDS_v3/toolchain/bin/../lib/gcc/arm-none-eabi/4.8.4/armv6-m/libgcc.a(divsf3.o)
                0x00000bf4                __aeabi_fdiv
 .text          0x00000e40       0x54 /opt/Freescale/KDS_v3/toolchain/bin/../lib/gcc/arm-none-eabi/4.8.4/armv6-m/libgcc.a(eqsf2.o)
                0x00000e40                __nesf2
                0x00000e40                __eqsf2
 .text          0x00000e94       0x90 /opt/Freescale/KDS_v3/toolchain/bin/../lib/gcc/arm-none-eabi/4.8.4/armv6-m/libgcc.a(gesf2.o)
                0x00000e94                __gtsf2
                0x00000e94                __gesf2
 .text          0x00000f24       0x98 /opt/Freescale/KDS_v3/toolchain/bin/../lib/gcc/arm-none-eabi/4.8.4/armv6-m/libgcc.a(lesf2.o)
                0x00000f24                __lesf2
                0x00000f24                __ltsf2
 .text          0x00000fbc      0x254 /opt/Freescale/KDS_v3/toolchain/bin/../lib/gcc/arm-none-eabi/4.8.4/armv6-m/libgcc.a(mulsf3.o)
                0x00000fbc                __aeabi_fmul
 .text          0x00001210      0x2ec /opt/Freescale/KDS_v3/toolchain/bin/../lib/gcc/arm-none-eabi/4.8.4/armv6-m/libgcc.a(subsf3.o)
                0x00001210                __aeabi_fsub
 .text          0x000014fc       0x40 /opt/Freescale/KDS_v3/toolchain/bin/../lib/gcc/arm-none-eabi/4.8.4/armv6-m/libgcc.a(fixsfsi.o)
                0x000014fc                __aeabi_f2iz
 .text          0x0000153c       0xb8 /opt/Freescale/KDS_v3/toolchain/bin/../lib/gcc/arm-none-eabi/4.8.4/armv6-m/libgcc.a(floatsisf.o)
                0x0000153c                __aeabi_i2f
 .text          0x000015f4       0xa0 /opt/Freescale/KDS_v3/toolchain/bin/../lib/gcc/arm-none-eabi/4.8.4/armv6-m/libgcc.a(floatunsisf.o)
                0x000015f4                __aeabi_ui2f
 .text          0x00001694      0x644 /opt/Freescale/KDS_v3/toolchain/bin/../lib/gcc/arm-none-eabi/4.8.4/armv6-m/libgcc.a(adddf3.o)
                0x00001694                __aeabi_dadd
 .text          0x00001cd8      0x648 /opt/Freescale/KDS_v3/toolchain/bin/../lib/gcc/arm-none-eabi/4.8.4/armv6-m/libgcc.a(divdf3.o)
                0x00001cd8                __aeabi_ddiv
 .text          0x00002320       0x94 /opt/Freescale/KDS_v3/toolchain/bin/../lib/gcc/arm-none-eabi/4.8.4/armv6-m/libgcc.a(eqdf2.o)
                0x00002320                __eqdf2
                0x00002320                __nedf2
 .text          0x000023b4       0xfc /opt/Freescale/KDS_v3/toolchain/bin/../lib/gcc/arm-none-eabi/4.8.4/armv6-m/libgcc.a(gedf2.o)
                0x000023b4                __gtdf2
                0x000023b4                __gedf2
 .text          0x000024b0       0xfc /opt/Freescale/KDS_v3/toolchain/bin/../lib/gcc/arm-none-eabi/4.8.4/armv6-m/libgcc.a(ledf2.o)
                0x000024b0                __ltdf2
                0x000024b0                __ledf2
 .text          0x000025ac      0x520 /opt/Freescale/KDS_v3/toolchain/bin/../lib/gcc/arm-none-eabi/4.8.4/armv6-m/libgcc.a(muldf3.o)
                0x000025ac                __aeabi_dmul
 .text          0x00002acc      0x668 /opt/Freescale/KDS_v3/toolchain/bin/../lib/gcc/arm-none-eabi/4.8.4/armv6-m/libgcc.a(subdf3.o)
                0x00002acc                __aeabi_dsub
 .text          0x00003134       0x7c /opt/Freescale/KDS_v3/toolchain/bin/../lib/gcc/arm-none-eabi/4.8.4/armv6-m/libgcc.a(floatsidf.o)
                0x00003134                __aeabi_i2d
 .text          0x000031b0       0x68 /opt/Freescale/KDS_v3/toolchain/bin/../lib/gcc/arm-none-eabi/4.8.4/armv6-m/libgcc.a(floatunsidf.o)
                0x000031b0                __aeabi_ui2d
 .text          0x00003218       0xa4 /opt/Freescale/KDS_v3/toolchain/bin/../lib/gcc/arm-none-eabi/4.8.4/armv6-m/libgcc.a(extendsfdf2.o)
                0x00003218                __aeabi_f2d
 .text          0x000032bc      0x118 /opt/Freescale/KDS_v3/toolchain/bin/../lib/gcc/arm-none-eabi/4.8.4/armv6-m/libgcc.a(truncdfsf2.o)
                0x000032bc                __aeabi_d2f
 .text          0x000033d4       0x3c /opt/Freescale/KDS_v3/toolchain/bin/../lib/gcc/arm-none-eabi/4.8.4/armv6-m/libgcc.a(_clzsi2.o)
                0x000033d4                __clzsi2
 .text          0x00003410      0x3b8 /opt/Freescale/KDS_v3/toolchain/bin/../lib/gcc/arm-none-eabi/4.8.4/armv6-m/libgcc.a(_divdi3.o)
                0x00003410                __divdi3
 .text          0x000037c8      0x384 /opt/Freescale/KDS_v3/toolchain/bin/../lib/gcc/arm-none-eabi/4.8.4/armv6-m/libgcc.a(_udivdi3.o)
                0x000037c8                __udivdi3
 *(.text*)
 .text.__assert_func
                0x00003b4c       0x28 ./utilities/fsl_assert.o
                0x00003b4c                __assert_func
 .text.DbgConsole_Init
                0x00003b74       0x4c ./utilities/fsl_debug_console.o
                0x00003b74                DbgConsole_Init
 .text.DbgConsole_Printf
                0x00003bc0       0x80 ./utilities/fsl_debug_console.o
                0x00003bc0                DbgConsole_Printf
 .text.DbgConsole_RelocateLog
                0x00003c40       0x64 ./utilities/fsl_debug_console.o
 .text.UART_EnableTx
                0x00003ca4       0x40 ./utilities/fsl_io.o
 .text.UART_EnableRx
                0x00003ce4       0x40 ./utilities/fsl_io.o
 .text.IO_Init  0x00003d24       0x94 ./utilities/fsl_io.o
                0x00003d24                IO_Init
 .text.IO_Transfer
                0x00003db8       0x68 ./utilities/fsl_io.o
                0x00003db8                IO_Transfer
 .text.LOG_Init
                0x00003e20       0x48 ./utilities/fsl_log.o
                0x00003e20                LOG_Init
 .text.LOG_Push
                0x00003e68       0x44 ./utilities/fsl_log.o
                0x00003e68                LOG_Push
 .text.LOG_Pop  0x00003eac       0x54 ./utilities/fsl_log.o
                0x00003eac                LOG_Pop
 .text.ConvertRadixNumToString
                0x00003f00      0x118 ./utilities/fsl_str.o
 .text.StrFormatPrintf
                0x00004018      0x378 ./utilities/fsl_str.o
                0x00004018                StrFormatPrintf
 .text.main     0x00004390       0x6c ./source/main.o
                0x00004390                main
 .text.HardFault_Handler
                0x000043fc       0x14 ./source/main.o
                0x000043fc                HardFault_Handler
 .text.vListInitialise
                0x00004410       0x3c ./freertos/source/list.o
                0x00004410                vListInitialise
 .text.vListInitialiseItem
                0x0000444c       0x14 ./freertos/source/list.o
                0x0000444c                vListInitialiseItem
 .text.vListInsertEnd
                0x00004460       0x44 ./freertos/source/list.o
                0x00004460                vListInsertEnd
 .text.vListInsert
                0x000044a4       0x6c ./freertos/source/list.o
                0x000044a4                vListInsert
 .text.uxListRemove
                0x00004510       0x50 ./freertos/source/list.o
                0x00004510                uxListRemove
 .text.xQueueGenericReset
                0x00004560       0xac ./freertos/source/queue.o
                0x00004560                xQueueGenericReset
 .text.xQueueGenericCreate
                0x0000460c       0x64 ./freertos/source/queue.o
                0x0000460c                xQueueGenericCreate
 .text.prvInitialiseNewQueue
                0x00004670       0x4c ./freertos/source/queue.o
 .text.xQueueGenericSend
                0x000046bc      0x1a0 ./freertos/source/queue.o
                0x000046bc                xQueueGenericSend
 .text.xQueueGenericSendFromISR
                0x0000485c       0xec ./freertos/source/queue.o
                0x0000485c                xQueueGenericSendFromISR
 .text.xQueueGenericReceive
                0x00004948      0x1dc ./freertos/source/queue.o
                0x00004948                xQueueGenericReceive
 .text.prvCopyDataToQueue
                0x00004b24       0xe0 ./freertos/source/queue.o
 .text.prvCopyDataFromQueue
                0x00004c04       0x50 ./freertos/source/queue.o
 .text.prvUnlockQueue
                0x00004c54       0xc0 ./freertos/source/queue.o
 .text.prvIsQueueEmpty
                0x00004d14       0x2c ./freertos/source/queue.o
 .text.prvIsQueueFull
                0x00004d40       0x30 ./freertos/source/queue.o
 .text.vQueueAddToRegistry
                0x00004d70       0x4c ./freertos/source/queue.o
                0x00004d70                vQueueAddToRegistry
 .text.vQueueWaitForMessageRestricted
                0x00004dbc       0x70 ./freertos/source/queue.o
                0x00004dbc                vQueueWaitForMessageRestricted
 .text.xTaskCreate
                0x00004e2c       0x90 ./freertos/source/tasks.o
                0x00004e2c                xTaskCreate
 .text.prvInitialiseNewTask
                0x00004ebc      0x120 ./freertos/source/tasks.o
 .text.prvAddNewTaskToReadyList
                0x00004fdc       0xcc ./freertos/source/tasks.o
 .text.vTaskDelay
                0x000050a8       0x48 ./freertos/source/tasks.o
                0x000050a8                vTaskDelay
 .text.vTaskStartScheduler
                0x000050f0       0x7c ./freertos/source/tasks.o
                0x000050f0                vTaskStartScheduler
 .text.vTaskSuspendAll
                0x0000516c       0x18 ./freertos/source/tasks.o
                0x0000516c                vTaskSuspendAll
 .text.xTaskResumeAll
                0x00005184      0x118 ./freertos/source/tasks.o
                0x00005184                xTaskResumeAll
 .text.xTaskGetTickCount
                0x0000529c       0x1c ./freertos/source/tasks.o
                0x0000529c                xTaskGetTickCount
 .text.xTaskIncrementTick
                0x000052b8      0x150 ./freertos/source/tasks.o
                0x000052b8                xTaskIncrementTick
 .text.vTaskSwitchContext
                0x00005408       0xa0 ./freertos/source/tasks.o
                0x00005408                vTaskSwitchContext
 .text.vTaskPlaceOnEventList
                0x000054a8       0x38 ./freertos/source/tasks.o
                0x000054a8                vTaskPlaceOnEventList
 .text.vTaskPlaceOnEventListRestricted
                0x000054e0       0x48 ./freertos/source/tasks.o
                0x000054e0                vTaskPlaceOnEventListRestricted
 .text.xTaskRemoveFromEventList
                0x00005528       0xb8 ./freertos/source/tasks.o
                0x00005528                xTaskRemoveFromEventList
 .text.vTaskSetTimeOutState
                0x000055e0       0x30 ./freertos/source/tasks.o
                0x000055e0                vTaskSetTimeOutState
 .text.xTaskCheckForTimeOut
                0x00005610       0x9c ./freertos/source/tasks.o
                0x00005610                xTaskCheckForTimeOut
 .text.vTaskMissedYield
                0x000056ac       0x14 ./freertos/source/tasks.o
                0x000056ac                vTaskMissedYield
 .text.prvIdleTask
                0x000056c0       0x20 ./freertos/source/tasks.o
 .text.prvInitialiseTaskLists
                0x000056e0       0x88 ./freertos/source/tasks.o
 .text.prvCheckTasksWaitingTermination
                0x00005768       0x74 ./freertos/source/tasks.o
 .text.prvDeleteTCB
                0x000057dc       0x20 ./freertos/source/tasks.o
 .text.prvResetNextTaskUnblockTime
                0x000057fc       0x44 ./freertos/source/tasks.o
 .text.xTaskGetSchedulerState
                0x00005840       0x38 ./freertos/source/tasks.o
                0x00005840                xTaskGetSchedulerState
 .text.vTaskPriorityInherit
                0x00005878       0xbc ./freertos/source/tasks.o
                0x00005878                vTaskPriorityInherit
 .text.xTaskPriorityDisinherit
                0x00005934       0xb8 ./freertos/source/tasks.o
                0x00005934                xTaskPriorityDisinherit
 .text.pvTaskIncrementMutexHeldCount
                0x000059ec       0x24 ./freertos/source/tasks.o
                0x000059ec                pvTaskIncrementMutexHeldCount
 .text.prvAddCurrentTaskToDelayedList
                0x00005a10       0xa8 ./freertos/source/tasks.o
 .text.xTimerCreateTimerTask
                0x00005ab8       0x58 ./freertos/source/timers.o
                0x00005ab8                xTimerCreateTimerTask
 .text.xTimerGenericCommand
                0x00005b10       0xac ./freertos/source/timers.o
                0x00005b10                xTimerGenericCommand
 .text.prvProcessExpiredTimer
                0x00005bbc       0x74 ./freertos/source/timers.o
 .text.prvTimerTask
                0x00005c30       0x28 ./freertos/source/timers.o
 .text.prvProcessTimerOrBlockTask
                0x00005c58       0x90 ./freertos/source/timers.o
 .text.prvGetNextExpireTime
                0x00005ce8       0x40 ./freertos/source/timers.o
 .text.prvSampleTimeNow
                0x00005d28       0x40 ./freertos/source/timers.o
 .text.prvInsertTimerInActiveList
                0x00005d68       0x84 ./freertos/source/timers.o
 .text.prvProcessReceivedCommands
                0x00005dec      0x140 ./freertos/source/timers.o
 .text.prvSwitchTimerLists
                0x00005f2c       0xb8 ./freertos/source/timers.o
 .text.prvCheckForValidListAndQueue
                0x00005fe4       0x74 ./freertos/source/timers.o
 .text.prvSetupTimerInterrupt
                0x00006058       0x38 ./freertos/portable/fsl_tickless_systick.o
                0x00006058                prvSetupTimerInterrupt
 .text.pvPortMalloc
                0x00006090      0x14c ./freertos/portable/heap_4.o
                0x00006090                pvPortMalloc
 .text.vPortFree
                0x000061dc       0x8c ./freertos/portable/heap_4.o
                0x000061dc                vPortFree
 .text.prvHeapInit
                0x00006268       0xbc ./freertos/portable/heap_4.o
 .text.prvInsertBlockIntoFreeList
                0x00006324       0xac ./freertos/portable/heap_4.o
 .text.pxPortInitialiseStack
                0x000063d0       0x54 ./freertos/portable/port.o
                0x000063d0                pxPortInitialiseStack
 .text.prvTaskExitError
                0x00006424       0x18 ./freertos/portable/port.o
 .text.SVC_Handler
                0x0000643c        0x8 ./freertos/portable/port.o
                0x0000643c                SVC_Handler
 *fill*         0x00006444        0xc 
 .text.vPortStartFirstTask
                0x00006450       0x40 ./freertos/portable/port.o
 .text.xPortStartScheduler
                0x00006490       0x44 ./freertos/portable/port.o
                0x00006490                xPortStartScheduler
 .text.vPortYield
                0x000064d4       0x1c ./freertos/portable/port.o
                0x000064d4                vPortYield
 .text.vPortEnterCritical
                0x000064f0       0x20 ./freertos/portable/port.o
                0x000064f0                vPortEnterCritical
 .text.vPortExitCritical
                0x00006510       0x2c ./freertos/portable/port.o
                0x00006510                vPortExitCritical
 .text.ulSetInterruptMaskFromISR
                0x0000653c        0xc ./freertos/portable/port.o
                0x0000653c                ulSetInterruptMaskFromISR
 .text.vClearInterruptMaskFromISR
                0x00006548        0x8 ./freertos/portable/port.o
                0x00006548                vClearInterruptMaskFromISR
 .text.PendSV_Handler
                0x00006550       0x50 ./freertos/portable/port.o
                0x00006550                PendSV_Handler
 .text.SysTick_Handler
                0x000065a0       0x34 ./freertos/portable/port.o
                0x000065a0                SysTick_Handler
 .text.CLOCK_EnableClock
                0x000065d4       0x34 ./drivers/fsl_adc.o
 .text.ADC_GetInstance
                0x00006608       0x54 ./drivers/fsl_adc.o
 .text.ADC_Init
                0x0000665c       0xb0 ./drivers/fsl_adc.o
                0x0000665c                ADC_Init
 .text.ADC_GetDefaultConfig
                0x0000670c       0x34 ./drivers/fsl_adc.o
                0x0000670c                ADC_GetDefaultConfig
 .text.ADC_SetChannelConfig
                0x00006740       0x60 ./drivers/fsl_adc.o
                0x00006740                ADC_SetChannelConfig
 .text.CLOCK_SetOutDiv
                0x000067a0       0x3c ./drivers/fsl_clock.o
 .text.CLOCK_GetICSExtClkFreq
                0x000067dc       0x34 ./drivers/fsl_clock.o
 .text.CLOCK_GetFllExtRefClkFreq
                0x00006810       0x84 ./drivers/fsl_clock.o
 .text.CLOCK_GetFllRefClkFreq
                0x00006894       0x30 ./drivers/fsl_clock.o
 .text.CLOCK_GetOscRangeFromFreq
                0x000068c4       0x48 ./drivers/fsl_clock.o
 .text.CLOCK_GetOsc0ErClkFreq
                0x0000690c       0x4c ./drivers/fsl_clock.o
                0x0000690c                CLOCK_GetOsc0ErClkFreq
 .text.CLOCK_GetFlashClkFreq
                0x00006958       0x50 ./drivers/fsl_clock.o
                0x00006958                CLOCK_GetFlashClkFreq
 .text.CLOCK_GetCoreSysClkFreq
                0x000069a8       0x2c ./drivers/fsl_clock.o
                0x000069a8                CLOCK_GetCoreSysClkFreq
 .text.CLOCK_GetTimerClkFreq
                0x000069d4       0x2c ./drivers/fsl_clock.o
                0x000069d4                CLOCK_GetTimerClkFreq
 .text.CLOCK_GetFreq
                0x00006a00       0x8c ./drivers/fsl_clock.o
                0x00006a00                CLOCK_GetFreq
 .text.CLOCK_SetSimConfig
                0x00006a8c       0x44 ./drivers/fsl_clock.o
                0x00006a8c                CLOCK_SetSimConfig
 .text.CLOCK_GetICSOutClkFreq
                0x00006ad0       0x68 ./drivers/fsl_clock.o
                0x00006ad0                CLOCK_GetICSOutClkFreq
 .text.CLOCK_GetFllFreq
                0x00006b38       0x30 ./drivers/fsl_clock.o
                0x00006b38                CLOCK_GetFllFreq
 .text.CLOCK_GetInternalRefClkFreq
                0x00006b68       0x28 ./drivers/fsl_clock.o
                0x00006b68                CLOCK_GetInternalRefClkFreq
 .text.CLOCK_GetICSFixedFreqClkFreq
                0x00006b90       0x30 ./drivers/fsl_clock.o
                0x00006b90                CLOCK_GetICSFixedFreqClkFreq
 .text.CLOCK_InitOsc0
                0x00006bc0       0x80 ./drivers/fsl_clock.o
                0x00006bc0                CLOCK_InitOsc0
 .text.CLOCK_SetFeeMode
                0x00006c40       0xc8 ./drivers/fsl_clock.o
                0x00006c40                CLOCK_SetFeeMode
 .text.CLOCK_BootToFeeMode
                0x00006d08       0x2c ./drivers/fsl_clock.o
                0x00006d08                CLOCK_BootToFeeMode
 .text.CLOCK_EnableClock
                0x00006d34       0x34 ./drivers/fsl_ftm.o
 .text.FTM_GetInstance
                0x00006d68       0x60 ./drivers/fsl_ftm.o
 .text.FTM_SetPwmSync
                0x00006dc8       0xe8 ./drivers/fsl_ftm.o
 .text.FTM_SetReloadPoints
                0x00006eb0       0xc4 ./drivers/fsl_ftm.o
 .text.FTM_Init
                0x00006f74      0x118 ./drivers/fsl_ftm.o
                0x00006f74                FTM_Init
 .text.FTM_GetDefaultConfig
                0x0000708c       0x78 ./drivers/fsl_ftm.o
                0x0000708c                FTM_GetDefaultConfig
 .text.FTM_EnableInterrupts
                0x00007104       0x98 ./drivers/fsl_ftm.o
                0x00007104                FTM_EnableInterrupts
 .text.FTM_ClearStatusFlags
                0x0000719c       0x70 ./drivers/fsl_ftm.o
                0x0000719c                FTM_ClearStatusFlags
 .text.GPIO_PinInit
                0x0000720c      0x10c ./drivers/fsl_gpio.o
                0x0000720c                GPIO_PinInit
 .text.GPIO_PinWrite
                0x00007318       0x7c ./drivers/fsl_gpio.o
                0x00007318                GPIO_PinWrite
 .text.GPIO_PinRead
                0x00007394       0x60 ./drivers/fsl_gpio.o
                0x00007394                GPIO_PinRead
 .text.I2C_TransferCommonIRQHandler
                0x000073f4       0x58 ./drivers/fsl_i2c.o
 .text.I2C0_DriverIRQHandler
                0x0000744c       0x20 ./drivers/fsl_i2c.o
                0x0000744c                I2C0_DriverIRQHandler
 .text.I2C1_DriverIRQHandler
                0x0000746c       0x20 ./drivers/fsl_i2c.o
                0x0000746c                I2C1_DriverIRQHandler
 .text.MSCAN_DriverIRQHandler
                0x0000748c       0x48 ./drivers/fsl_mscan.o
                0x0000748c                MSCAN_DriverIRQHandler
 .text.CLOCK_EnableClock
                0x000074d4       0x34 ./drivers/fsl_pit.o
 .text.PIT_GetInstance
                0x00007508       0x54 ./drivers/fsl_pit.o
 .text.PIT_Init
                0x0000755c       0x7c ./drivers/fsl_pit.o
                0x0000755c                PIT_Init
 .text.PORT_SetPinSelect
                0x000075d8       0xd4 ./drivers/fsl_port.o
                0x000075d8                PORT_SetPinSelect
 .text.CLOCK_EnableClock
                0x000076ac       0x34 ./drivers/fsl_rtc.o
 .text.CLOCK_DisableClock
                0x000076e0       0x38 ./drivers/fsl_rtc.o
 .text.RTC_GetInterruptFlags
                0x00007718       0x18 ./drivers/fsl_rtc.o
 .text.RTC_ClearInterruptFlags
                0x00007730       0x1c ./drivers/fsl_rtc.o
 .text.RTC_SetModuloValue
                0x0000774c       0x40 ./drivers/fsl_rtc.o
 .text.RTC_CheckDatetimeFormat
                0x0000778c       0xf0 ./drivers/fsl_rtc.o
 .text.RTC_ConvertDatetimeToSeconds
                0x0000787c       0xe0 ./drivers/fsl_rtc.o
 .text.RTC_ConvertSecondsToDatetime
                0x0000795c      0x170 ./drivers/fsl_rtc.o
 *fill*         0x00007acc        0x4 
 .text.RTC_Init
                0x00007ad0      0x120 ./drivers/fsl_rtc.o
                0x00007ad0                RTC_Init
 .text.RTC_Deinit
                0x00007bf0       0x18 ./drivers/fsl_rtc.o
                0x00007bf0                RTC_Deinit
 .text.RTC_GetDefaultConfig
                0x00007c08       0x48 ./drivers/fsl_rtc.o
                0x00007c08                RTC_GetDefaultConfig
 .text.RTC_GetDivideValue
                0x00007c50       0x98 ./drivers/fsl_rtc.o
                0x00007c50                RTC_GetDivideValue
 .text.RTC_SetDatetime
                0x00007ce8       0x60 ./drivers/fsl_rtc.o
                0x00007ce8                RTC_SetDatetime
 .text.RTC_GetDatetime
                0x00007d48       0x44 ./drivers/fsl_rtc.o
                0x00007d48                RTC_GetDatetime
 .text.RTC_SetAlarm
                0x00007d8c       0x24 ./drivers/fsl_rtc.o
                0x00007d8c                RTC_SetAlarm
 .text.RTC_SetAlarmCallback
                0x00007db0       0x18 ./drivers/fsl_rtc.o
                0x00007db0                RTC_SetAlarmCallback
 .text.RTC_DriverIRQHandler
                0x00007dc8       0x58 ./drivers/fsl_rtc.o
                0x00007dc8                RTC_DriverIRQHandler
 .text.SPI_CommonIRQHandler
                0x00007e20       0x54 ./drivers/fsl_spi.o
 .text.SPI0_DriverIRQHandler
                0x00007e74       0x40 ./drivers/fsl_spi.o
                0x00007e74                SPI0_DriverIRQHandler
 .text.SPI1_DriverIRQHandler
                0x00007eb4       0x40 ./drivers/fsl_spi.o
                0x00007eb4                SPI1_DriverIRQHandler
 .text.CLOCK_EnableClock
                0x00007ef4       0x34 ./drivers/fsl_uart.o
 .text.UART_GetInstance
                0x00007f28       0x60 ./drivers/fsl_uart.o
                0x00007f28                UART_GetInstance
 .text.UART_Init
                0x00007f88      0x22c ./drivers/fsl_uart.o
                0x00007f88                UART_Init
 .text.UART_GetDefaultConfig
                0x000081b4       0x58 ./drivers/fsl_uart.o
                0x000081b4                UART_GetDefaultConfig
 .text.UART_GetStatusFlags
                0x0000820c       0x28 ./drivers/fsl_uart.o
                0x0000820c                UART_GetStatusFlags
 .text.UART_WriteBlocking
                0x00008234       0x3c ./drivers/fsl_uart.o
                0x00008234                UART_WriteBlocking
 .text.UART_ReadBlocking
                0x00008270       0xac ./drivers/fsl_uart.o
                0x00008270                UART_ReadBlocking
 .text.UART0_DriverIRQHandler
                0x0000831c       0x24 ./drivers/fsl_uart.o
                0x0000831c                UART0_DriverIRQHandler
 .text.UART1_DriverIRQHandler
                0x00008340       0x24 ./drivers/fsl_uart.o
                0x00008340                UART1_DriverIRQHandler
 .text.UART2_DriverIRQHandler
                0x00008364       0x24 ./drivers/fsl_uart.o
                0x00008364                UART2_DriverIRQHandler
 .text.BOARD_InitDebugConsole
                0x00008388       0x2c ./board/board.o
                0x00008388                BOARD_InitDebugConsole
 .text.CLOCK_SetSimSafeDivs
                0x000083b4       0x14 ./board/clock_config.o
 .text.CLOCK_SetInternalRefClkConfig
                0x000083c8       0x30 ./board/clock_config.o
 .text.CLOCK_SetXtal0Freq
                0x000083f8       0x18 ./board/clock_config.o
 .text.BOARD_BootClockRUN
                0x00008410       0x54 ./board/clock_config.o
                0x00008410                BOARD_BootClockRUN
 .text.BOARD_InitPins
                0x00008464       0x18 ./board/pin_mux.o
                0x00008464                BOARD_InitPins
 .text.SystemInit
                0x0000847c       0x48 ./CMSIS/system_MKE06Z4.o
                0x0000847c                SystemInit
 .text.app_controll_init_task
                0x000084c4       0x3c ./AppSmartAqua/AppControll.o
                0x000084c4                app_controll_init_task
 .text.app_controll_task
                0x00008500      0xd18 ./AppSmartAqua/AppControll.o
 .text.app_manager_config_relay_set
                0x00009218       0x3c ./AppSmartAqua/AppControll.o
                0x00009218                app_manager_config_relay_set
 .text.app_manager_config_relay_get
                0x00009254       0x38 ./AppSmartAqua/AppControll.o
                0x00009254                app_manager_config_relay_get
 .text.app_manager_config_sd_set
                0x0000928c       0x74 ./AppSmartAqua/AppControll.o
                0x0000928c                app_manager_config_sd_set
 .text.app_manager_config_sd_get
                0x00009300       0x28 ./AppSmartAqua/AppControll.o
                0x00009300                app_manager_config_sd_get
 .text.app_manager_state_sd_get
                0x00009328       0x14 ./AppSmartAqua/AppControll.o
                0x00009328                app_manager_state_sd_get
 .text.app_display_init_task
                0x0000933c       0x30 ./AppSmartAqua/AppDisplay.o
                0x0000933c                app_display_init_task
 .text.app_display_queue_create
                0x0000936c       0x1c ./AppSmartAqua/AppDisplay.o
                0x0000936c                app_display_queue_create
 .text.app_display_queue_send
                0x00009388       0x54 ./AppSmartAqua/AppDisplay.o
                0x00009388                app_display_queue_send
 .text.app_display_task
                0x000093dc       0x50 ./AppSmartAqua/AppDisplay.o
 .text.KBI_IsInterruptRequestDetected
                0x0000942c       0x20 ./AppSmartAqua/AppIO.o
 .text.KBI_ClearInterruptFlag
                0x0000944c       0x1c ./AppSmartAqua/AppIO.o
 .text.app_io_init_task
                0x00009468       0x2c ./AppSmartAqua/AppIO.o
                0x00009468                app_io_init_task
 .text.app_io_task
                0x00009494      0x26c ./AppSmartAqua/AppIO.o
 .text.app_io_queue_create
                0x00009700       0x1c ./AppSmartAqua/AppIO.o
                0x00009700                app_io_queue_create
 .text.app_io_queue_receive
                0x0000971c       0x48 ./AppSmartAqua/AppIO.o
                0x0000971c                app_io_queue_receive
 .text.app_io_init
                0x00009764       0xe0 ./AppSmartAqua/AppIO.o
                0x00009764                app_io_init
 .text.KBI0_IRQHandler
                0x00009844       0x24 ./AppSmartAqua/AppIO.o
                0x00009844                KBI0_IRQHandler
 .text.KBI1_IRQHandler
                0x00009868       0x24 ./AppSmartAqua/AppIO.o
                0x00009868                KBI1_IRQHandler
 .text.app_io_status_get
                0x0000988c       0x28 ./AppSmartAqua/AppIO.o
                0x0000988c                app_io_status_get
 .text.app_io_relay1_set
                0x000098b4       0x2c ./AppSmartAqua/AppIO.o
                0x000098b4                app_io_relay1_set
 .text.app_io_relay2_set
                0x000098e0       0x2c ./AppSmartAqua/AppIO.o
                0x000098e0                app_io_relay2_set
 .text.app_io_relay3_set
                0x0000990c       0x2c ./AppSmartAqua/AppIO.o
                0x0000990c                app_io_relay3_set
 .text.app_io_relay1_get
                0x00009938       0x14 ./AppSmartAqua/AppIO.o
                0x00009938                app_io_relay1_get
 .text.app_io_relay2_get
                0x0000994c       0x14 ./AppSmartAqua/AppIO.o
                0x0000994c                app_io_relay2_get
 .text.app_io_relay3_get
                0x00009960       0x14 ./AppSmartAqua/AppIO.o
                0x00009960                app_io_relay3_get
 .text.app_io_rgb_controll
                0x00009974      0x128 ./AppSmartAqua/AppIO.o
 .text.app_ihm_init_task
                0x00009a9c       0x30 ./AppSmartAqua/AppIhm.o
                0x00009a9c                app_ihm_init_task
 .text.app_ihm_task
                0x00009acc      0x2dc ./AppSmartAqua/AppIhm.o
 .text.app_ihm_init
                0x00009da8       0x3c ./AppSmartAqua/AppIhm.o
 .text.app_ihm_irq
                0x00009de4       0x18 ./AppSmartAqua/AppIhm.o
 .text.app_ihm_tick_get
                0x00009dfc       0x14 ./AppSmartAqua/AppIhm.o
 .text.app_ihm_state_init
                0x00009e10      0x100 ./AppSmartAqua/AppIhm.o
 .text.app_ihm_main_status
                0x00009f10      0x3b4 ./AppSmartAqua/AppIhm.o
 .text.app_ihm_main_menu
                0x0000a2c4      0x454 ./AppSmartAqua/AppIhm.o
 .text.app_ihm_adjust_manual
                0x0000a718      0x5e4 ./AppSmartAqua/AppIhm.o
 .text.app_ihm_config_auto
                0x0000acfc      0x3c4 ./AppSmartAqua/AppIhm.o
 .text.app_ihm_config_time
                0x0000b0c0      0x308 ./AppSmartAqua/AppIhm.o
 .text.app_ihm_config_date
                0x0000b3c8      0x4b4 ./AppSmartAqua/AppIhm.o
 .text.app_ihm_config_auto_relay
                0x0000b87c      0x3c0 ./AppSmartAqua/AppIhm.o
 .text.app_ihm_config_auto_relay_time
                0x0000bc3c      0x808 ./AppSmartAqua/AppIhm.o
 .text.app_ihm_config_auto_relay_temperature
                0x0000c444      0x648 ./AppSmartAqua/AppIhm.o
 .text.app_ihm_config_auto_sd
                0x0000ca8c      0x27c ./AppSmartAqua/AppIhm.o
 .text.app_ihm_config_auto_sd_time
                0x0000cd08      0x3b0 ./AppSmartAqua/AppIhm.o
 .text.app_ihm_config_auto_sd_dc
                0x0000d0b8      0x26c ./AppSmartAqua/AppIhm.o
 .text.app_ihm_view_telemetry_day
                0x0000d324      0x5d8 ./AppSmartAqua/AppIhm.o
 .text.app_ihm_view_telemetry
                0x0000d8fc      0x224 ./AppSmartAqua/AppIhm.o
 .text.app_ihm_view_telemetry_hour
                0x0000db20      0x71c ./AppSmartAqua/AppIhm.o
 .text.app_ihm_enable_sd_set
                0x0000e23c       0x28 ./AppSmartAqua/AppIhm.o
 .text.app_ihm_enable_sd_get_status
                0x0000e264       0x1c ./AppSmartAqua/AppIhm.o
 .text.app_lcd_init
                0x0000e280      0x118 ./AppSmartAqua/AppLCD16x2.o
                0x0000e280                app_lcd_init
 .text.app_lcd_delay
                0x0000e398       0x1c ./AppSmartAqua/AppLCD16x2.o
 .text.app_lcd_nibble_send
                0x0000e3b4       0xb4 ./AppSmartAqua/AppLCD16x2.o
 .text.app_lcd_byte_send
                0x0000e468       0x7c ./AppSmartAqua/AppLCD16x2.o
 .text.app_lcd_xy
                0x0000e4e4       0x6c ./AppSmartAqua/AppLCD16x2.o
 .text.app_lcd_write_char
                0x0000e550       0x58 ./AppSmartAqua/AppLCD16x2.o
 .text.app_lcd_write_string
                0x0000e5a8       0x4c ./AppSmartAqua/AppLCD16x2.o
                0x0000e5a8                app_lcd_write_string
 .text.app_pwm_init
                0x0000e5f4       0x64 ./AppSmartAqua/AppPwm.o
                0x0000e5f4                app_pwm_init
 .text.app_pwm_get
                0x0000e658       0x3c ./AppSmartAqua/AppPwm.o
                0x0000e658                app_pwm_get
 .text.app_pwm_set
                0x0000e694       0x1c ./AppSmartAqua/AppPwm.o
                0x0000e694                app_pwm_set
 .text.app_pwm_irq
                0x0000e6b0       0xf0 ./AppSmartAqua/AppPwm.o
 .text.__NVIC_EnableIRQ
                0x0000e7a0       0x34 ./AppSmartAqua/AppRtc.o
 .text.RTC_EnableInterrupts
                0x0000e7d4       0x1c ./AppSmartAqua/AppRtc.o
 .text.app_rtc_irq
                0x0000e7f0       0x1c ./AppSmartAqua/AppRtc.o
 .text.app_rtc_init
                0x0000e80c       0x7c ./AppSmartAqua/AppRtc.o
                0x0000e80c                app_rtc_init
 .text.app_rtc_datetime_get
                0x0000e888       0x28 ./AppSmartAqua/AppRtc.o
                0x0000e888                app_rtc_datetime_get
 .text.app_rtc_update
                0x0000e8b0       0x44 ./AppSmartAqua/AppRtc.o
                0x0000e8b0                app_rtc_update
 .text.UART_ReadByte
                0x0000e8f4       0x18 ./AppSmartAqua/AppShell.o
 .text.app_shell_queue_create
                0x0000e90c       0x1c ./AppSmartAqua/AppShell.o
                0x0000e90c                app_shell_queue_create
 .text.UART2_IRQHandler
                0x0000e928       0x48 ./AppSmartAqua/AppShell.o
                0x0000e928                UART2_IRQHandler
 .text.__NVIC_EnableIRQ
                0x0000e970       0x34 ./AppSmartAqua/AppTemperature.o
 .text.EnableIRQ
                0x0000e9a4       0x34 ./AppSmartAqua/AppTemperature.o
 .text.ADC_EnableHardwareTrigger
                0x0000e9d8       0x3c ./AppSmartAqua/AppTemperature.o
 .text.ADC_EnableAnalogInput
                0x0000ea14       0x40 ./AppSmartAqua/AppTemperature.o
 .text.ADC_GetChannelConversionValue
                0x0000ea54       0x18 ./AppSmartAqua/AppTemperature.o
 .text.app_temperature_init_task
                0x0000ea6c       0x2c ./AppSmartAqua/AppTemperature.o
                0x0000ea6c                app_temperature_init_task
 .text.app_temperature_queue_create
                0x0000ea98       0x1c ./AppSmartAqua/AppTemperature.o
                0x0000ea98                app_temperature_queue_create
 .text.app_temperature_task
                0x0000eab4       0x74 ./AppSmartAqua/AppTemperature.o
 .text.app_temperature_set
                0x0000eb28       0x20 ./AppSmartAqua/AppTemperature.o
 .text.app_temperature_get
                0x0000eb48       0x14 ./AppSmartAqua/AppTemperature.o
                0x0000eb48                app_temperature_get
 .text.app_temperature_day_get
                0x0000eb5c       0x14 ./AppSmartAqua/AppTemperature.o
                0x0000eb5c                app_temperature_day_get
 .text.app_temperature_hour_get
                0x0000eb70       0x14 ./AppSmartAqua/AppTemperature.o
                0x0000eb70                app_temperature_hour_get
 .text.app_temperature_telematic_hour_get
                0x0000eb84       0x38 ./AppSmartAqua/AppTemperature.o
                0x0000eb84                app_temperature_telematic_hour_get
 .text.app_tempeature_telematic_day_get
                0x0000ebbc       0x48 ./AppSmartAqua/AppTemperature.o
                0x0000ebbc                app_tempeature_telematic_day_get
 .text.app_tempeature_telematic
                0x0000ec04      0x260 ./AppSmartAqua/AppTemperature.o
 .text.app_temperature_init
                0x0000ee64       0x2c ./AppSmartAqua/AppTemperature.o
 .text.app_temperature_adc_init
                0x0000ee90       0x60 ./AppSmartAqua/AppTemperature.o
 .text.app_temperature_calculate
                0x0000eef0      0x1f8 ./AppSmartAqua/AppTemperature.o
 .text.app_temperature_irq
                0x0000f0e8        0xc ./AppSmartAqua/AppTemperature.o
 .text.app_temperature_adc_start
                0x0000f0f4       0x1c ./AppSmartAqua/AppTemperature.o
 .text.ADC_IRQHandler
                0x0000f110       0x38 ./AppSmartAqua/AppTemperature.o
                0x0000f110                ADC_IRQHandler
 .text.__NVIC_EnableIRQ
                0x0000f148       0x34 ./AppSmartAqua/AppTimer.o
 .text.EnableIRQ
                0x0000f17c       0x34 ./AppSmartAqua/AppTimer.o
 .text.FTM_SetTimerPeriod
                0x0000f1b0       0x18 ./AppSmartAqua/AppTimer.o
 .text.FTM_StartTimer
                0x0000f1c8       0x38 ./AppSmartAqua/AppTimer.o
 .text.PIT_GetDefaultConfig
                0x0000f200       0x34 ./AppSmartAqua/AppTimer.o
 .text.PIT_EnableInterrupts
                0x0000f234       0x44 ./AppSmartAqua/AppTimer.o
 .text.PIT_GetStatusFlags
                0x0000f278       0x2c ./AppSmartAqua/AppTimer.o
 .text.PIT_ClearStatusFlags
                0x0000f2a4       0x30 ./AppSmartAqua/AppTimer.o
 .text.PIT_SetTimerPeriod
                0x0000f2d4       0x28 ./AppSmartAqua/AppTimer.o
 .text.PIT_StartTimer
                0x0000f2fc       0x3c ./AppSmartAqua/AppTimer.o
 .text.app_timer_pit_init
                0x0000f338       0xc8 ./AppSmartAqua/AppTimer.o
                0x0000f338                app_timer_pit_init
 .text.app_timer_pit_start
                0x0000f400       0x30 ./AppSmartAqua/AppTimer.o
                0x0000f400                app_timer_pit_start
 .text.app_timer_pit_callback
                0x0000f430       0x34 ./AppSmartAqua/AppTimer.o
                0x0000f430                app_timer_pit_callback
 .text.PIT_CH0_IRQHandler
                0x0000f464       0x64 ./AppSmartAqua/AppTimer.o
                0x0000f464                PIT_CH0_IRQHandler
 .text.PIT_CH1_IRQHandler
                0x0000f4c8       0x68 ./AppSmartAqua/AppTimer.o
                0x0000f4c8                PIT_CH1_IRQHandler
 .text.app_timer_ftm_init
                0x0000f530      0x1a0 ./AppSmartAqua/AppTimer.o
                0x0000f530                app_timer_ftm_init
 .text.app_timer_ftm_start
                0x0000f6d0       0x6c ./AppSmartAqua/AppTimer.o
                0x0000f6d0                app_timer_ftm_start
 .text.app_timer_ftm_callback
                0x0000f73c       0x74 ./AppSmartAqua/AppTimer.o
                0x0000f73c                app_timer_ftm_callback
 .text.FTM0_IRQHandler
                0x0000f7b0       0x24 ./AppSmartAqua/AppTimer.o
                0x0000f7b0                FTM0_IRQHandler
 .text.FTM1_IRQHandler
                0x0000f7d4       0x24 ./AppSmartAqua/AppTimer.o
                0x0000f7d4                FTM1_IRQHandler
 .text.FTM2_IRQHandler
                0x0000f7f8       0x24 ./AppSmartAqua/AppTimer.o
                0x0000f7f8                FTM2_IRQHandler
 *fill*         0x0000f81c        0x4 
 .text.log      0x0000f820      0x110 /opt/Freescale/KDS_v3/toolchain/bin/../lib/gcc/arm-none-eabi/4.8.4/../../../../arm-none-eabi/lib/armv6-m/libm.a(lib_a-w_log.o)
                0x0000f820                log
 .text.pow      0x0000f930      0x370 /opt/Freescale/KDS_v3/toolchain/bin/../lib/gcc/arm-none-eabi/4.8.4/../../../../arm-none-eabi/lib/armv6-m/libm.a(lib_a-w_pow.o)
                0x0000f930                pow
 .text.__ieee754_log
                0x0000fca0      0x420 /opt/Freescale/KDS_v3/toolchain/bin/../lib/gcc/arm-none-eabi/4.8.4/../../../../arm-none-eabi/lib/armv6-m/libm.a(lib_a-e_log.o)
                0x0000fca0                __ieee754_log
 .text.__ieee754_pow
                0x000100c0      0xb20 /opt/Freescale/KDS_v3/toolchain/bin/../lib/gcc/arm-none-eabi/4.8.4/../../../../arm-none-eabi/lib/armv6-m/libm.a(lib_a-e_pow.o)
                0x000100c0                __ieee754_pow
 .text.__ieee754_sqrt
                0x00010be0      0x1cc /opt/Freescale/KDS_v3/toolchain/bin/../lib/gcc/arm-none-eabi/4.8.4/../../../../arm-none-eabi/lib/armv6-m/libm.a(lib_a-e_sqrt.o)
                0x00010be0                __ieee754_sqrt
 .text.fabs     0x00010dac        0x8 /opt/Freescale/KDS_v3/toolchain/bin/../lib/gcc/arm-none-eabi/4.8.4/../../../../arm-none-eabi/lib/armv6-m/libm.a(lib_a-s_fabs.o)
                0x00010dac                fabs
 .text.finite   0x00010db4       0x10 /opt/Freescale/KDS_v3/toolchain/bin/../lib/gcc/arm-none-eabi/4.8.4/../../../../arm-none-eabi/lib/armv6-m/libm.a(lib_a-s_finite.o)
                0x00010db4                finite
 .text.__fpclassifyd
                0x00010dc4       0x60 /opt/Freescale/KDS_v3/toolchain/bin/../lib/gcc/arm-none-eabi/4.8.4/../../../../arm-none-eabi/lib/armv6-m/libm.a(lib_a-s_fpclassify.o)
                0x00010dc4                __fpclassifyd
 .text.matherr  0x00010e24        0x4 /opt/Freescale/KDS_v3/toolchain/bin/../lib/gcc/arm-none-eabi/4.8.4/../../../../arm-none-eabi/lib/armv6-m/libm.a(lib_a-s_matherr.o)
                0x00010e24                matherr
 .text.nan      0x00010e28       0x10 /opt/Freescale/KDS_v3/toolchain/bin/../lib/gcc/arm-none-eabi/4.8.4/../../../../arm-none-eabi/lib/armv6-m/libm.a(lib_a-s_nan.o)
                0x00010e28                nan
 .text.rint     0x00010e38      0x154 /opt/Freescale/KDS_v3/toolchain/bin/../lib/gcc/arm-none-eabi/4.8.4/../../../../arm-none-eabi/lib/armv6-m/libm.a(lib_a-s_rint.o)
                0x00010e38                rint
 *fill*         0x00010f8c        0x4 
 .text.scalbn   0x00010f90      0x110 /opt/Freescale/KDS_v3/toolchain/bin/../lib/gcc/arm-none-eabi/4.8.4/../../../../arm-none-eabi/lib/armv6-m/libm.a(lib_a-s_scalbn.o)
                0x00010f90                scalbn
 .text.copysign
                0x000110a0       0x10 /opt/Freescale/KDS_v3/toolchain/bin/../lib/gcc/arm-none-eabi/4.8.4/../../../../arm-none-eabi/lib/armv6-m/libm.a(lib_a-s_copysign.o)
                0x000110a0                copysign
 .text.__errno  0x000110b0        0xc /opt/Freescale/KDS_v3/toolchain/bin/../lib/gcc/arm-none-eabi/4.8.4/../../../../arm-none-eabi/lib/armv6-m/libg_s.a(lib_a-errno.o)
                0x000110b0                __errno
 .text.exit     0x000110bc       0x2c /opt/Freescale/KDS_v3/toolchain/bin/../lib/gcc/arm-none-eabi/4.8.4/../../../../arm-none-eabi/lib/armv6-m/libg_s.a(lib_a-exit.o)
                0x000110bc                exit
 .text.__libc_init_array
                0x000110e8       0x4c /opt/Freescale/KDS_v3/toolchain/bin/../lib/gcc/arm-none-eabi/4.8.4/../../../../arm-none-eabi/lib/armv6-m/libg_s.a(lib_a-init.o)
                0x000110e8                __libc_init_array
 .text.memcpy   0x00011134       0x12 /opt/Freescale/KDS_v3/toolchain/bin/../lib/gcc/arm-none-eabi/4.8.4/../../../../arm-none-eabi/lib/armv6-m/libg_s.a(lib_a-memcpy-stub.o)
                0x00011134                memcpy
 .text.memmove  0x00011146       0x32 /opt/Freescale/KDS_v3/toolchain/bin/../lib/gcc/arm-none-eabi/4.8.4/../../../../arm-none-eabi/lib/armv6-m/libg_s.a(lib_a-memmove.o)
                0x00011146                memmove
 .text.memset   0x00011178       0x10 /opt/Freescale/KDS_v3/toolchain/bin/../lib/gcc/arm-none-eabi/4.8.4/../../../../arm-none-eabi/lib/armv6-m/libg_s.a(lib_a-memset.o)
                0x00011178                memset
 .text.sprintf  0x00011188       0x44 /opt/Freescale/KDS_v3/toolchain/bin/../lib/gcc/arm-none-eabi/4.8.4/../../../../arm-none-eabi/lib/armv6-m/libg_s.a(lib_a-sprintf.o)
                0x00011188                sprintf
                0x00011188                siprintf
 .text.strlen   0x000111cc        0xe /opt/Freescale/KDS_v3/toolchain/bin/../lib/gcc/arm-none-eabi/4.8.4/../../../../arm-none-eabi/lib/armv6-m/libg_s.a(lib_a-strlen.o)
                0x000111cc                strlen
 *fill*         0x000111da        0x2 
 .text.__ssputs_r
                0x000111dc       0xc0 /opt/Freescale/KDS_v3/toolchain/bin/../lib/gcc/arm-none-eabi/4.8.4/../../../../arm-none-eabi/lib/armv6-m/libg_s.a(lib_a-svfprintf.o)
                0x000111dc                __ssputs_r
 .text._svfprintf_r
                0x0001129c      0x1e0 /opt/Freescale/KDS_v3/toolchain/bin/../lib/gcc/arm-none-eabi/4.8.4/../../../../arm-none-eabi/lib/armv6-m/libg_s.a(lib_a-svfprintf.o)
                0x0001129c                _svfprintf_r
                0x0001129c                _svfiprintf_r
 .text._printf_common
                0x0001147c       0xe8 /opt/Freescale/KDS_v3/toolchain/bin/../lib/gcc/arm-none-eabi/4.8.4/../../../../arm-none-eabi/lib/armv6-m/libg_s.a(lib_a-vfprintf_i.o)
                0x0001147c                _printf_common
 .text._printf_i
                0x00011564      0x22c /opt/Freescale/KDS_v3/toolchain/bin/../lib/gcc/arm-none-eabi/4.8.4/../../../../arm-none-eabi/lib/armv6-m/libg_s.a(lib_a-vfprintf_i.o)
                0x00011564                _printf_i
 .text.memchr   0x00011790       0x16 /opt/Freescale/KDS_v3/toolchain/bin/../lib/gcc/arm-none-eabi/4.8.4/../../../../arm-none-eabi/lib/armv6-m/libg_s.a(lib_a-memchr-stub.o)
                0x00011790                memchr
 *fill*         0x000117a6        0x2 
 .text._free_r  0x000117a8       0x90 /opt/Freescale/KDS_v3/toolchain/bin/../lib/gcc/arm-none-eabi/4.8.4/../../../../arm-none-eabi/lib/armv6-m/libg_s.a(lib_a-nano-freer.o)
                0x000117a8                _free_r
 .text._malloc_r
                0x00011838       0xa8 /opt/Freescale/KDS_v3/toolchain/bin/../lib/gcc/arm-none-eabi/4.8.4/../../../../arm-none-eabi/lib/armv6-m/libg_s.a(lib_a-nano-mallocr.o)
                0x00011838                _malloc_r
 .text._realloc_r
                0x000118e0       0x4c /opt/Freescale/KDS_v3/toolchain/bin/../lib/gcc/arm-none-eabi/4.8.4/../../../../arm-none-eabi/lib/armv6-m/libg_s.a(lib_a-nano-reallocr.o)
                0x000118e0                _realloc_r
 .text._sbrk_r  0x0001192c       0x24 /opt/Freescale/KDS_v3/toolchain/bin/../lib/gcc/arm-none-eabi/4.8.4/../../../../arm-none-eabi/lib/armv6-m/libg_s.a(lib_a-sbrkr.o)
                0x0001192c                _sbrk_r
 .text._malloc_usable_size_r
                0x00011950       0x12 /opt/Freescale/KDS_v3/toolchain/bin/../lib/gcc/arm-none-eabi/4.8.4/../../../../arm-none-eabi/lib/armv6-m/libg_s.a(lib_a-nano-msizer.o)
                0x00011950                _malloc_usable_size_r
 *fill*         0x00011962        0x2 
 .text._sbrk    0x00011964       0x34 /opt/Freescale/KDS_v3/toolchain/bin/../lib/gcc/arm-none-eabi/4.8.4/../../../../arm-none-eabi/lib/armv6-m/libnosys.a(sbrk.o)
                0x00011964                _sbrk
 .text._exit    0x00011998        0x4 /opt/Freescale/KDS_v3/toolchain/bin/../lib/gcc/arm-none-eabi/4.8.4/../../../../arm-none-eabi/lib/armv6-m/libnosys.a(_exit.o)
                0x00011998                _exit
 *(.rodata)
 .rodata        0x0001199c       0x40 ./utilities/fsl_assert.o
 .rodata        0x000119dc       0x50 ./utilities/fsl_debug_console.o
 .rodata        0x00011a2c       0x24 ./utilities/fsl_io.o
 .rodata        0x00011a50       0x30 ./utilities/fsl_log.o
 .rodata        0x00011a80       0x60 ./source/main.o
 .rodata        0x00011ae0       0x18 ./freertos/source/tasks.o
 .rodata        0x00011af8       0x10 ./freertos/source/timers.o
 .rodata        0x00011b08       0x4c ./drivers/fsl_adc.o
 .rodata        0x00011b54       0x24 ./drivers/fsl_clock.o
 .rodata        0x00011b78       0xb4 ./drivers/fsl_ftm.o
 .rodata        0x00011c2c       0x20 ./drivers/fsl_gpio.o
 .rodata        0x00011c4c       0xa0 ./drivers/fsl_mscan.o
 .rodata        0x00011cec       0x44 ./drivers/fsl_pit.o
 .rodata        0x00011d30       0x9c ./drivers/fsl_rtc.o
 .rodata        0x00011dcc       0x9c ./drivers/fsl_spi.o
 .rodata        0x00011e68       0xac ./drivers/fsl_uart.o
 .rodata        0x00011f14      0x23c ./AppSmartAqua/AppControll.o
 .rodata        0x00012150       0xd8 ./AppSmartAqua/AppDisplay.o
 .rodata        0x00012228        0xc ./AppSmartAqua/AppIO.o
 .rodata        0x00012234      0x250 ./AppSmartAqua/AppIhm.o
 .rodata        0x00012484        0xc ./AppSmartAqua/AppTemperature.o
 .rodata        0x00012490       0x20 ./AppSmartAqua/AppTimer.o
 .rodata        0x000124b0       0x40 /opt/Freescale/KDS_v3/toolchain/bin/../lib/gcc/arm-none-eabi/4.8.4/armv6-m/libgcc.a(divsf3.o)
 .rodata        0x000124f0       0x40 /opt/Freescale/KDS_v3/toolchain/bin/../lib/gcc/arm-none-eabi/4.8.4/armv6-m/libgcc.a(mulsf3.o)
 .rodata        0x00012530       0x40 /opt/Freescale/KDS_v3/toolchain/bin/../lib/gcc/arm-none-eabi/4.8.4/armv6-m/libgcc.a(divdf3.o)
 .rodata        0x00012570       0x40 /opt/Freescale/KDS_v3/toolchain/bin/../lib/gcc/arm-none-eabi/4.8.4/armv6-m/libgcc.a(muldf3.o)
 *(.rodata*)
 .rodata.__func__.5738
                0x000125b0       0x10 ./utilities/fsl_debug_console.o
 .rodata.__func__.5476
                0x000125c0        0x8 ./utilities/fsl_io.o
 .rodata.__func__.5769
                0x000125c8        0xc ./utilities/fsl_log.o
 .rodata.prvProcessReceivedCommands
                0x000125d4       0x28 ./freertos/source/timers.o
 .rodata.__func__.5375
                0x000125fc       0x10 ./drivers/fsl_adc.o
 .rodata.__func__.5380
                0x0001260c        0xc ./drivers/fsl_adc.o
 .rodata.__func__.5404
                0x00012618       0x18 ./drivers/fsl_adc.o
 .rodata.CLOCK_GetFreq
                0x00012630       0x2c ./drivers/fsl_clock.o
 .rodata.__func__.5287
                0x0001265c       0x18 ./drivers/fsl_clock.o
 .rodata.__func__.5314
                0x00012674       0x18 ./drivers/fsl_clock.o
 .rodata.s_ftmBases
                0x0001268c        0xc ./drivers/fsl_ftm.o
 .rodata.s_ftmClocks
                0x00012698        0xc ./drivers/fsl_ftm.o
 .rodata.__func__.5595
                0x000126a4       0x10 ./drivers/fsl_ftm.o
 .rodata.__func__.5619
                0x000126b4        0xc ./drivers/fsl_ftm.o
 .rodata.__func__.5627
                0x000126c0       0x18 ./drivers/fsl_ftm.o
 .rodata.s_gpioBases
                0x000126d8        0xc ./drivers/fsl_gpio.o
 .rodata.__func__.5338
                0x000126e4       0x10 ./drivers/fsl_gpio.o
 .rodata.__func__.5753
                0x000126f4       0x18 ./drivers/fsl_mscan.o
 .rodata.__func__.5350
                0x0001270c       0x10 ./drivers/fsl_pit.o
 .rodata.__func__.5355
                0x0001271c        0xc ./drivers/fsl_pit.o
 .rodata.__func__.5382
                0x00012728       0x18 ./drivers/fsl_rtc.o
 .rodata.__func__.5387
                0x00012740       0x20 ./drivers/fsl_rtc.o
 .rodata.__func__.5394
                0x00012760       0x20 ./drivers/fsl_rtc.o
 .rodata.__func__.5410
                0x00012780        0xc ./drivers/fsl_rtc.o
 .rodata.__func__.5364
                0x0001278c       0x14 ./drivers/fsl_rtc.o
 .rodata.__func__.5418
                0x000127a0       0x18 ./drivers/fsl_rtc.o
 .rodata.__func__.5425
                0x000127b8       0x14 ./drivers/fsl_rtc.o
 .rodata.__func__.5429
                0x000127cc       0x10 ./drivers/fsl_rtc.o
 .rodata.__func__.5433
                0x000127dc       0x10 ./drivers/fsl_rtc.o
 .rodata.__func__.5682
                0x000127ec       0x18 ./drivers/fsl_spi.o
 .rodata.__func__.5686
                0x00012804       0x18 ./drivers/fsl_spi.o
 .rodata.s_uartBases
                0x0001281c        0xc ./drivers/fsl_uart.o
 .rodata.s_uartClock
                0x00012828        0xc ./drivers/fsl_uart.o
 .rodata.__func__.5483
                0x00012834       0x14 ./drivers/fsl_uart.o
 .rodata.__func__.5499
                0x00012848        0xc ./drivers/fsl_uart.o
 .rodata.__func__.5512
                0x00012854       0x18 ./drivers/fsl_uart.o
 .rodata.__func__.5570
                0x0001286c       0x14 ./drivers/fsl_uart.o
 .rodata.simConfig_BOARD_BootClockRUN
                0x00012880        0x4 ./board/clock_config.o
                0x00012880                simConfig_BOARD_BootClockRUN
 .rodata.oscConfig_BOARD_BootClockRUN
                0x00012884        0x8 ./board/clock_config.o
                0x00012884                oscConfig_BOARD_BootClockRUN
 .rodata.app_controll_task
                0x0001288c       0x14 ./AppSmartAqua/AppControll.o
 .rodata.io_key_pins
                0x000128a0       0x30 ./AppSmartAqua/AppIO.o
                0x000128a0                io_key_pins
 .rodata.app_io_rgb_controll
                0x000128d0       0x1c ./AppSmartAqua/AppIO.o
 .rodata.app_ihm_task
                0x000128ec       0x5c ./AppSmartAqua/AppIhm.o
 .rodata.app_ihm_main_menu
                0x00012948       0x28 ./AppSmartAqua/AppIhm.o
 .rodata.app_ihm_config_date
                0x00012970       0x68 ./AppSmartAqua/AppIhm.o
 .rodata.lcd_pins
                0x000129d8       0x38 ./AppSmartAqua/AppLCD16x2.o
                0x000129d8                lcd_pins
 .rodata.__func__.7780
                0x00012a10       0x18 ./AppSmartAqua/AppTimer.o
 .rodata.str1.4
                0x00012a28        0x5 /opt/Freescale/KDS_v3/toolchain/bin/../lib/gcc/arm-none-eabi/4.8.4/../../../../arm-none-eabi/lib/armv6-m/libm.a(lib_a-w_log.o)
                                  0x8 (size before relaxing)
 *fill*         0x00012a2d        0x3 
 .rodata.str1.4
                0x00012a30        0x4 /opt/Freescale/KDS_v3/toolchain/bin/../lib/gcc/arm-none-eabi/4.8.4/../../../../arm-none-eabi/lib/armv6-m/libm.a(lib_a-w_pow.o)
 *fill*         0x00012a34        0x4 
 .rodata.dp_h   0x00012a38       0x10 /opt/Freescale/KDS_v3/toolchain/bin/../lib/gcc/arm-none-eabi/4.8.4/../../../../arm-none-eabi/lib/armv6-m/libm.a(lib_a-e_pow.o)
 .rodata.dp_l   0x00012a48       0x10 /opt/Freescale/KDS_v3/toolchain/bin/../lib/gcc/arm-none-eabi/4.8.4/../../../../arm-none-eabi/lib/armv6-m/libm.a(lib_a-e_pow.o)
 .rodata.bp     0x00012a58       0x10 /opt/Freescale/KDS_v3/toolchain/bin/../lib/gcc/arm-none-eabi/4.8.4/../../../../arm-none-eabi/lib/armv6-m/libm.a(lib_a-e_pow.o)
 .rodata.str1.4
                0x00000000        0x4 /opt/Freescale/KDS_v3/toolchain/bin/../lib/gcc/arm-none-eabi/4.8.4/../../../../arm-none-eabi/lib/armv6-m/libm.a(lib_a-e_pow.o)
 .rodata.TWO52  0x00012a68       0x10 /opt/Freescale/KDS_v3/toolchain/bin/../lib/gcc/arm-none-eabi/4.8.4/../../../../arm-none-eabi/lib/armv6-m/libm.a(lib_a-s_rint.o)
 .rodata.str1.1
                0x00012a78        0x2 /opt/Freescale/KDS_v3/toolchain/bin/../lib/gcc/arm-none-eabi/4.8.4/../../../../arm-none-eabi/lib/armv6-m/libg_s.a(lib_a-impure.o)
 *fill*         0x00012a7a        0x2 
 .rodata._global_impure_ptr
                0x00012a7c        0x4 /opt/Freescale/KDS_v3/toolchain/bin/../lib/gcc/arm-none-eabi/4.8.4/../../../../arm-none-eabi/lib/armv6-m/libg_s.a(lib_a-impure.o)
                0x00012a7c                _global_impure_ptr
 .rodata.str1.1
                0x00012a80       0x11 /opt/Freescale/KDS_v3/toolchain/bin/../lib/gcc/arm-none-eabi/4.8.4/../../../../arm-none-eabi/lib/armv6-m/libg_s.a(lib_a-svfprintf.o)
 .rodata.str1.1
                0x00012a91       0x22 /opt/Freescale/KDS_v3/toolchain/bin/../lib/gcc/arm-none-eabi/4.8.4/../../../../arm-none-eabi/lib/armv6-m/libg_s.a(lib_a-vfprintf_i.o)
 *(.glue_7)
 .glue_7        0x00000000        0x0 linker stubs
 *(.glue_7t)
 .glue_7t       0x00000000        0x0 linker stubs
 *(.eh_frame)
 *fill*         0x00012ab3        0x1 
 .eh_frame      0x00012ab4        0x0 /opt/Freescale/KDS_v3/toolchain/bin/../lib/gcc/arm-none-eabi/4.8.4/armv6-m/crtbegin.o
 *(.init)
 .init          0x00012ab4        0x4 /opt/Freescale/KDS_v3/toolchain/bin/../lib/gcc/arm-none-eabi/4.8.4/armv6-m/crti.o
                0x00012ab4                _init
 .init          0x00012ab8        0x8 /opt/Freescale/KDS_v3/toolchain/bin/../lib/gcc/arm-none-eabi/4.8.4/armv6-m/crtn.o
 *(.fini)
 .fini          0x00012ac0        0x4 /opt/Freescale/KDS_v3/toolchain/bin/../lib/gcc/arm-none-eabi/4.8.4/armv6-m/crti.o
                0x00012ac0                _fini
 .fini          0x00012ac4        0x8 /opt/Freescale/KDS_v3/toolchain/bin/../lib/gcc/arm-none-eabi/4.8.4/armv6-m/crtn.o
                0x00012acc                . = ALIGN (0x4)

.vfp11_veneer   0x00012acc        0x0
 .vfp11_veneer  0x00000000        0x0 linker stubs

.v4_bx          0x00012acc        0x0
 .v4_bx         0x00000000        0x0 linker stubs

.iplt           0x00012acc        0x0
 .iplt          0x00000000        0x0 /opt/Freescale/KDS_v3/toolchain/bin/../lib/gcc/arm-none-eabi/4.8.4/armv6-m/crtbegin.o

.ARM.extab
 *(.ARM.extab* .gnu.linkonce.armextab.*)

.ARM            0x00012acc        0x8
                0x00012acc                __exidx_start = .
 *(.ARM.exidx*)
 .ARM.exidx     0x00012acc        0x8 /opt/Freescale/KDS_v3/toolchain/bin/../lib/gcc/arm-none-eabi/4.8.4/../../../../arm-none-eabi/lib/armv6-m/crt0.o
 .ARM.exidx     0x00012ad4        0x0 /opt/Freescale/KDS_v3/toolchain/bin/../lib/gcc/arm-none-eabi/4.8.4/armv6-m/libgcc.a(_divdi3.o)
                                  0x8 (size before relaxing)
 .ARM.exidx     0x00012ad4        0x0 /opt/Freescale/KDS_v3/toolchain/bin/../lib/gcc/arm-none-eabi/4.8.4/armv6-m/libgcc.a(_udivdi3.o)
                                  0x8 (size before relaxing)
                0x00012ad4                __exidx_end = .

.rel.dyn        0x00012ad4        0x0
 .rel.iplt      0x00000000        0x0 /opt/Freescale/KDS_v3/toolchain/bin/../lib/gcc/arm-none-eabi/4.8.4/armv6-m/crtbegin.o

.ctors          0x00012ad4        0x0
                0x00012ad4                __CTOR_LIST__ = .
 *crtbegin.o(.ctors)
 *crtbegin?.o(.ctors)
 *(EXCLUDE_FILE(*crtend.o *crtend?.o) .ctors)
 *(SORT(.ctors.*))
 *(.ctors)
                0x00012ad4                __CTOR_END__ = .

.dtors          0x00012ad4        0x0
                0x00012ad4                __DTOR_LIST__ = .
 *crtbegin.o(.dtors)
 *crtbegin?.o(.dtors)
 *(EXCLUDE_FILE(*crtend.o *crtend?.o) .dtors)
 *(SORT(.dtors.*))
 *(.dtors)
                0x00012ad4                __DTOR_END__ = .

.preinit_array  0x00012ad4        0x0
                0x00012ad4                PROVIDE (__preinit_array_start, .)
 *(.preinit_array*)
                0x00012ad4                PROVIDE (__preinit_array_end, .)

.init_array     0x00012ad4        0x4
                0x00012ad4                PROVIDE (__init_array_start, .)
 *(SORT(.init_array.*))
 *(.init_array*)
 .init_array    0x00012ad4        0x4 /opt/Freescale/KDS_v3/toolchain/bin/../lib/gcc/arm-none-eabi/4.8.4/armv6-m/crtbegin.o
                0x00012ad8                PROVIDE (__init_array_end, .)

.fini_array     0x00012ad8        0x4
                0x00012ad8                PROVIDE (__fini_array_start, .)
 *(SORT(.fini_array.*))
 *(.fini_array*)
 .fini_array    0x00012ad8        0x4 /opt/Freescale/KDS_v3/toolchain/bin/../lib/gcc/arm-none-eabi/4.8.4/armv6-m/crtbegin.o
                0x00012adc                PROVIDE (__fini_array_end, .)
                0x00012adc                __etext = .
                0x00012adc                __DATA_ROM = .

.mtb            0x1ffff000        0x0
                0x1ffff000                . = ALIGN (0x8)
                0x1ffff000                _mtb_start = .
 *(.mtb_buf)
                0x1ffff000                . = ALIGN (0x8)
                0x1ffff000                _mtb_end = .

.data           0x1ffff000       0xe8 load address 0x00012adc
                0x1ffff000                . = ALIGN (0x4)
                0x1ffff000                __DATA_RAM = .
                0x1ffff000                __data_start__ = .
 *(.data)
 *(.data*)
 .data.uxCriticalNesting
                0x1ffff000        0x4 ./freertos/portable/port.o
 .data.s_slowIrcFreq
                0x1ffff004        0x4 ./drivers/fsl_clock.o
 .data.SystemCoreClock
                0x1ffff008        0x4 ./CMSIS/system_MKE06Z4.o
                0x1ffff008                SystemCoreClock
 .data.display_txt_en
                0x1ffff00c       0x70 ./AppSmartAqua/AppDisplay.o
                0x1ffff00c                display_txt_en
 .data.ch.8026  0x1ffff07c        0x1 ./AppSmartAqua/AppIhm.o
 .data.__fdlib_version
                0x1ffff07d        0x1 /opt/Freescale/KDS_v3/toolchain/bin/../lib/gcc/arm-none-eabi/4.8.4/../../../../arm-none-eabi/lib/armv6-m/libm.a(lib_a-s_lib_ver.o)
                0x1ffff07d                __fdlib_version
 *fill*         0x1ffff07e        0x2 
 .data.impure_data
                0x1ffff080       0x60 /opt/Freescale/KDS_v3/toolchain/bin/../lib/gcc/arm-none-eabi/4.8.4/../../../../arm-none-eabi/lib/armv6-m/libg_s.a(lib_a-impure.o)
 .data._impure_ptr
                0x1ffff0e0        0x4 /opt/Freescale/KDS_v3/toolchain/bin/../lib/gcc/arm-none-eabi/4.8.4/../../../../arm-none-eabi/lib/armv6-m/libg_s.a(lib_a-impure.o)
                0x1ffff0e0                _impure_ptr
 *(.jcr*)
 .jcr           0x1ffff0e4        0x0 /opt/Freescale/KDS_v3/toolchain/bin/../lib/gcc/arm-none-eabi/4.8.4/armv6-m/crtbegin.o
 .jcr           0x1ffff0e4        0x4 /opt/Freescale/KDS_v3/toolchain/bin/../lib/gcc/arm-none-eabi/4.8.4/armv6-m/crtend.o
                0x1ffff0e8                . = ALIGN (0x4)
                0x1ffff0e8                __data_end__ = .
                0x00012bc4                __DATA_END = (__DATA_ROM + (__data_end__ - __data_start__))
                0x00020000                text_end = (ORIGIN (m_text) + 0x1fbf0)
                0x00000001                ASSERT ((__DATA_END <= text_end), region m_text overflowed with text and data)

.igot.plt       0x1ffff0e8        0x0 load address 0x00012bc4
 .igot.plt      0x00000000        0x0 /opt/Freescale/KDS_v3/toolchain/bin/../lib/gcc/arm-none-eabi/4.8.4/armv6-m/crtbegin.o

.bss            0x1ffff0e8     0x2c70 load address 0x00012bc4
                0x1ffff0e8                . = ALIGN (0x4)
                0x1ffff0e8                __START_BSS = .
                0x1ffff0e8                __bss_start__ = .
 *(.bss)
 .bss           0x1ffff0e8       0x1c /opt/Freescale/KDS_v3/toolchain/bin/../lib/gcc/arm-none-eabi/4.8.4/armv6-m/crtbegin.o
 *(.bss*)
 .bss.s_debugConsoleIO
                0x1ffff104        0x8 ./utilities/fsl_io.o
 .bss.pxCurrentTCB
                0x1ffff10c        0x4 ./freertos/source/tasks.o
                0x1ffff10c                pxCurrentTCB
 .bss.pxReadyTasksLists
                0x1ffff110       0x64 ./freertos/source/tasks.o
 .bss.xDelayedTaskList1
                0x1ffff174       0x14 ./freertos/source/tasks.o
 .bss.xDelayedTaskList2
                0x1ffff188       0x14 ./freertos/source/tasks.o
 .bss.pxDelayedTaskList
                0x1ffff19c        0x4 ./freertos/source/tasks.o
 .bss.pxOverflowDelayedTaskList
                0x1ffff1a0        0x4 ./freertos/source/tasks.o
 .bss.xPendingReadyList
                0x1ffff1a4       0x14 ./freertos/source/tasks.o
 .bss.xTasksWaitingTermination
                0x1ffff1b8       0x14 ./freertos/source/tasks.o
 .bss.uxDeletedTasksWaitingCleanUp
                0x1ffff1cc        0x4 ./freertos/source/tasks.o
 .bss.xSuspendedTaskList
                0x1ffff1d0       0x14 ./freertos/source/tasks.o
 .bss.uxCurrentNumberOfTasks
                0x1ffff1e4        0x4 ./freertos/source/tasks.o
 .bss.xTickCount
                0x1ffff1e8        0x4 ./freertos/source/tasks.o
 .bss.uxTopReadyPriority
                0x1ffff1ec        0x4 ./freertos/source/tasks.o
 .bss.xSchedulerRunning
                0x1ffff1f0        0x4 ./freertos/source/tasks.o
 .bss.uxPendedTicks
                0x1ffff1f4        0x4 ./freertos/source/tasks.o
 .bss.xYieldPending
                0x1ffff1f8        0x4 ./freertos/source/tasks.o
 .bss.xNumOfOverflows
                0x1ffff1fc        0x4 ./freertos/source/tasks.o
 .bss.uxTaskNumber
                0x1ffff200        0x4 ./freertos/source/tasks.o
 .bss.xNextTaskUnblockTime
                0x1ffff204        0x4 ./freertos/source/tasks.o
 .bss.xIdleTaskHandle
                0x1ffff208        0x4 ./freertos/source/tasks.o
 .bss.uxSchedulerSuspended
                0x1ffff20c        0x4 ./freertos/source/tasks.o
 .bss.xActiveTimerList1
                0x1ffff210       0x14 ./freertos/source/timers.o
 .bss.xActiveTimerList2
                0x1ffff224       0x14 ./freertos/source/timers.o
 .bss.pxCurrentTimerList
                0x1ffff238        0x4 ./freertos/source/timers.o
 .bss.pxOverflowTimerList
                0x1ffff23c        0x4 ./freertos/source/timers.o
 .bss.xTimerQueue
                0x1ffff240        0x4 ./freertos/source/timers.o
 .bss.xTimerTaskHandle
                0x1ffff244        0x4 ./freertos/source/timers.o
 .bss.xLastTime.5291
                0x1ffff248        0x4 ./freertos/source/timers.o
 .bss.ucHeap    0x1ffff24c     0x2800 ./freertos/portable/heap_4.o
 .bss.xStart    0x20001a4c        0x8 ./freertos/portable/heap_4.o
 .bss.pxEnd     0x20001a54        0x4 ./freertos/portable/heap_4.o
 .bss.xFreeBytesRemaining
                0x20001a58        0x4 ./freertos/portable/heap_4.o
 .bss.xMinimumEverFreeBytesRemaining
                0x20001a5c        0x4 ./freertos/portable/heap_4.o
 .bss.xBlockAllocatedBit
                0x20001a60        0x4 ./freertos/portable/heap_4.o
 .bss.s_i2cHandle
                0x20001a64        0x8 ./drivers/fsl_i2c.o
 .bss.s_i2cMasterIsr
                0x20001a6c        0x4 ./drivers/fsl_i2c.o
 .bss.s_i2cSlaveIsr
                0x20001a70        0x4 ./drivers/fsl_i2c.o
 .bss.s_mscanHandle
                0x20001a74        0x4 ./drivers/fsl_mscan.o
 .bss.s_mscanIsr
                0x20001a78        0x4 ./drivers/fsl_mscan.o
 .bss.s_CurrentTimeSeconds
                0x20001a7c        0x4 ./drivers/fsl_rtc.o
 .bss.s_AlarmTimeSeconds
                0x20001a80        0x4 ./drivers/fsl_rtc.o
 .bss.s_RtcAlarmCallback
                0x20001a84        0x4 ./drivers/fsl_rtc.o
 .bss.s_spiHandle
                0x20001a88        0x8 ./drivers/fsl_spi.o
 .bss.s_spiMasterIsr
                0x20001a90        0x4 ./drivers/fsl_spi.o
 .bss.s_spiSlaveIsr
                0x20001a94        0x4 ./drivers/fsl_spi.o
 .bss.s_uartHandle
                0x20001a98        0xc ./drivers/fsl_uart.o
 .bss.s_uartIsr
                0x20001aa4        0x4 ./drivers/fsl_uart.o
 .bss.relay_app
                0x20001aa8       0x24 ./AppSmartAqua/AppControll.o
                0x20001aa8                relay_app
 .bss.sd_app    0x20001acc        0x8 ./AppSmartAqua/AppControll.o
                0x20001acc                sd_app
 .bss.state_sd  0x20001ad4        0x1 ./AppSmartAqua/AppControll.o
                0x20001ad4                state_sd
 *fill*         0x20001ad5        0x3 
 .bss.display_queue
                0x20001ad8        0x4 ./AppSmartAqua/AppDisplay.o
 .bss.io_queue  0x20001adc        0x4 ./AppSmartAqua/AppIO.o
 .bss.param_io  0x20001ae0        0x8 ./AppSmartAqua/AppIO.o
 .bss.state_machine
                0x20001ae8        0x1 ./AppSmartAqua/AppIhm.o
 *fill*         0x20001ae9        0x3 
 .bss.ticks     0x20001aec        0x4 ./AppSmartAqua/AppIhm.o
 .bss.enable_sd
                0x20001af0        0x1 ./AppSmartAqua/AppIhm.o
 *fill*         0x20001af1        0x3 
 .bss.data_sd   0x20001af4        0x8 ./AppSmartAqua/AppIhm.o
 .bss.state.8009
                0x20001afc        0x1 ./AppSmartAqua/AppIhm.o
 *fill*         0x20001afd        0x3 
 .bss.time.8008
                0x20001b00        0x4 ./AppSmartAqua/AppIhm.o
 .bss.print.8023
                0x20001b04        0x1 ./AppSmartAqua/AppIhm.o
 .bss.state.8021
                0x20001b05        0x1 ./AppSmartAqua/AppIhm.o
 *fill*         0x20001b06        0x2 
 .bss.time.8020
                0x20001b08        0x4 ./AppSmartAqua/AppIhm.o
 .bss.state_next.8022
                0x20001b0c        0x1 ./AppSmartAqua/AppIhm.o
 .bss.state_timeout.8040
                0x20001b0d        0x1 ./AppSmartAqua/AppIhm.o
 .bss.print.8042
                0x20001b0e        0x1 ./AppSmartAqua/AppIhm.o
 .bss.cursor.8041
                0x20001b0f        0x1 ./AppSmartAqua/AppIhm.o
 .bss.timeout.8039
                0x20001b10        0x4 ./AppSmartAqua/AppIhm.o
 .bss.timeout_state.8067
                0x20001b14        0x1 ./AppSmartAqua/AppIhm.o
 .bss.print.8071
                0x20001b15        0x1 ./AppSmartAqua/AppIhm.o
 .bss.cursor_h.8070
                0x20001b16        0x1 ./AppSmartAqua/AppIhm.o
 .bss.cursor.8069
                0x20001b17        0x1 ./AppSmartAqua/AppIhm.o
 .bss.timeout.8068
                0x20001b18        0x4 ./AppSmartAqua/AppIhm.o
 .bss.state_timeout.8101
                0x20001b1c        0x1 ./AppSmartAqua/AppIhm.o
 .bss.print.8103
                0x20001b1d        0x1 ./AppSmartAqua/AppIhm.o
 .bss.cursor.8102
                0x20001b1e        0x1 ./AppSmartAqua/AppIhm.o
 *fill*         0x20001b1f        0x1 
 .bss.timeout.8100
                0x20001b20        0x4 ./AppSmartAqua/AppIhm.o
 .bss.state.8128
                0x20001b24        0x1 ./AppSmartAqua/AppIhm.o
 *fill*         0x20001b25        0x3 
 .bss.var_time.8131
                0x20001b28        0x8 ./AppSmartAqua/AppIhm.o
 .bss.timeout_state.8126
                0x20001b30        0x1 ./AppSmartAqua/AppIhm.o
 .bss.print.8130
                0x20001b31        0x1 ./AppSmartAqua/AppIhm.o
 .bss.var_control.8129
                0x20001b32        0x1 ./AppSmartAqua/AppIhm.o
 *fill*         0x20001b33        0x1 
 .bss.timeout.8127
                0x20001b34        0x4 ./AppSmartAqua/AppIhm.o
 .bss.state.8146
                0x20001b38        0x1 ./AppSmartAqua/AppIhm.o
 *fill*         0x20001b39        0x3 
 .bss.var_time.8149
                0x20001b3c        0x8 ./AppSmartAqua/AppIhm.o
 .bss.timeout_state.8144
                0x20001b44        0x1 ./AppSmartAqua/AppIhm.o
 .bss.print.8148
                0x20001b45        0x1 ./AppSmartAqua/AppIhm.o
 .bss.var_control.8147
                0x20001b46        0x1 ./AppSmartAqua/AppIhm.o
 *fill*         0x20001b47        0x1 
 .bss.timeout.8145
                0x20001b48        0x4 ./AppSmartAqua/AppIhm.o
 .bss.flag.8204
                0x20001b4c        0x4 ./AppSmartAqua/AppIhm.o
 .bss.config_rl.8203
                0x20001b50       0x24 ./AppSmartAqua/AppIhm.o
 .bss.timeout_state.8200
                0x20001b74        0x4 ./AppSmartAqua/AppIhm.o
 .bss.print.8202
                0x20001b78        0x4 ./AppSmartAqua/AppIhm.o
 .bss.timeout.8201
                0x20001b7c        0xc ./AppSmartAqua/AppIhm.o
 .bss.flag.8232
                0x20001b88        0x4 ./AppSmartAqua/AppIhm.o
 .bss.config_rl.8229
                0x20001b8c       0x24 ./AppSmartAqua/AppIhm.o
 .bss.timeout_state.8226
                0x20001bb0        0x4 ./AppSmartAqua/AppIhm.o
 .bss.print.8228
                0x20001bb4        0x4 ./AppSmartAqua/AppIhm.o
 .bss.state.8231
                0x20001bb8        0x4 ./AppSmartAqua/AppIhm.o
 .bss.cursor.8230
                0x20001bbc        0x4 ./AppSmartAqua/AppIhm.o
 .bss.timeout.8227
                0x20001bc0        0xc ./AppSmartAqua/AppIhm.o
 .bss.flag.8258
                0x20001bcc        0x4 ./AppSmartAqua/AppIhm.o
 .bss.config_rl.8256
                0x20001bd0       0x24 ./AppSmartAqua/AppIhm.o
 .bss.timeout_state.8253
                0x20001bf4        0x4 ./AppSmartAqua/AppIhm.o
 .bss.print.8255
                0x20001bf8        0x4 ./AppSmartAqua/AppIhm.o
 .bss.state.8257
                0x20001bfc        0x4 ./AppSmartAqua/AppIhm.o
 .bss.timeout.8254
                0x20001c00        0xc ./AppSmartAqua/AppIhm.o
 .bss.timeout_state.8271
                0x20001c0c        0x1 ./AppSmartAqua/AppIhm.o
 .bss.print.8274
                0x20001c0d        0x1 ./AppSmartAqua/AppIhm.o
 .bss.cursor.8273
                0x20001c0e        0x1 ./AppSmartAqua/AppIhm.o
 *fill*         0x20001c0f        0x1 
 .bss.timeout.8272
                0x20001c10        0x4 ./AppSmartAqua/AppIhm.o
 .bss.flag.8295
                0x20001c14        0x1 ./AppSmartAqua/AppIhm.o
 .bss.timeout_state.8291
                0x20001c15        0x1 ./AppSmartAqua/AppIhm.o
 .bss.print.8294
                0x20001c16        0x1 ./AppSmartAqua/AppIhm.o
 .bss.state.8293
                0x20001c17        0x1 ./AppSmartAqua/AppIhm.o
 .bss.timeout.8292
                0x20001c18        0x4 ./AppSmartAqua/AppIhm.o
 .bss.flag.8309
                0x20001c1c        0x1 ./AppSmartAqua/AppIhm.o
 .bss.timeout_state.8306
                0x20001c1d        0x1 ./AppSmartAqua/AppIhm.o
 .bss.print.8308
                0x20001c1e        0x1 ./AppSmartAqua/AppIhm.o
 *fill*         0x20001c1f        0x1 
 .bss.timeout.8307
                0x20001c20        0x4 ./AppSmartAqua/AppIhm.o
 .bss.flag.8325
                0x20001c24        0x1 ./AppSmartAqua/AppIhm.o
 .bss.day_index.8323
                0x20001c25        0x1 ./AppSmartAqua/AppIhm.o
 .bss.timeout_state.8320
                0x20001c26        0x1 ./AppSmartAqua/AppIhm.o
 .bss.print.8324
                0x20001c27        0x1 ./AppSmartAqua/AppIhm.o
 .bss.state.8322
                0x20001c28        0x1 ./AppSmartAqua/AppIhm.o
 *fill*         0x20001c29        0x3 
 .bss.timeout.8321
                0x20001c2c        0x4 ./AppSmartAqua/AppIhm.o
 .bss.timeout_state.8340
                0x20001c30        0x1 ./AppSmartAqua/AppIhm.o
 .bss.print.8343
                0x20001c31        0x1 ./AppSmartAqua/AppIhm.o
 .bss.cursor.8342
                0x20001c32        0x1 ./AppSmartAqua/AppIhm.o
 *fill*         0x20001c33        0x1 
 .bss.timeout.8341
                0x20001c34        0x4 ./AppSmartAqua/AppIhm.o
 .bss.flag.8360
                0x20001c38        0x1 ./AppSmartAqua/AppIhm.o
 .bss.hour_index_line1.8357
                0x20001c39        0x1 ./AppSmartAqua/AppIhm.o
 .bss.hour_index_line2.8358
                0x20001c3a        0x1 ./AppSmartAqua/AppIhm.o
 .bss.timeout_state.8354
                0x20001c3b        0x1 ./AppSmartAqua/AppIhm.o
 .bss.print.8359
                0x20001c3c        0x1 ./AppSmartAqua/AppIhm.o
 .bss.state.8356
                0x20001c3d        0x1 ./AppSmartAqua/AppIhm.o
 *fill*         0x20001c3e        0x2 
 .bss.timeout.8355
                0x20001c40        0x4 ./AppSmartAqua/AppIhm.o
 .bss.lcd_modo1
                0x20001c44        0x1 ./AppSmartAqua/AppLCD16x2.o
 .bss.lcd_modo2
                0x20001c45        0x1 ./AppSmartAqua/AppLCD16x2.o
 *fill*         0x20001c46        0x2 
 .bss.param_pwm
                0x20001c48        0x4 ./AppSmartAqua/AppPwm.o
 .bss.count_pwm
                0x20001c4c        0x4 ./AppSmartAqua/AppPwm.o
 .bss.time_pwm  0x20001c50        0x4 ./AppSmartAqua/AppPwm.o
 .bss.status_io.7874
                0x20001c54        0x1 ./AppSmartAqua/AppPwm.o
 *fill*         0x20001c55        0x3 
 .bss.date      0x20001c58        0x8 ./AppSmartAqua/AppRtc.o
 .bss.shell_queue
                0x20001c60        0x4 ./AppSmartAqua/AppShell.o
 .bss.adcChannelConfigStruct
                0x20001c64        0x8 ./AppSmartAqua/AppTemperature.o
 .bss.adc_queue
                0x20001c6c        0x4 ./AppSmartAqua/AppTemperature.o
 .bss.temperature_day
                0x20001c70       0x2c ./AppSmartAqua/AppTemperature.o
 .bss.temperature
                0x20001c9c        0x2 ./AppSmartAqua/AppTemperature.o
 .bss.index_day
                0x20001c9e        0x1 ./AppSmartAqua/AppTemperature.o
 .bss.index_hour
                0x20001c9f        0x1 ./AppSmartAqua/AppTemperature.o
 .bss.temperature_hour
                0x20001ca0       0x30 ./AppSmartAqua/AppTemperature.o
 .bss.index_adc.8386
                0x20001cd0        0x1 ./AppSmartAqua/AppTemperature.o
 *fill*         0x20001cd1        0x3 
 .bss.buffer_adc.8385
                0x20001cd4       0x10 ./AppSmartAqua/AppTemperature.o
 .bss.state.8413
                0x20001ce4        0x1 ./AppSmartAqua/AppTemperature.o
 *fill*         0x20001ce5        0x3 
 .bss.temp_avg.8412
                0x20001ce8        0x4 ./AppSmartAqua/AppTemperature.o
 .bss.hour_old.8414
                0x20001cec        0x1 ./AppSmartAqua/AppTemperature.o
 *fill*         0x20001ced        0x3 
 .bss.task_timer_pit
                0x20001cf0        0x8 ./AppSmartAqua/AppTimer.o
 .bss.task_timer_ftm0
                0x20001cf8        0x4 ./AppSmartAqua/AppTimer.o
 .bss.task_timer_ftm1
                0x20001cfc        0x4 ./AppSmartAqua/AppTimer.o
 .bss.task_timer_ftm2
                0x20001d00        0x4 ./AppSmartAqua/AppTimer.o
 .bss.__malloc_sbrk_start
                0x20001d04        0x4 /opt/Freescale/KDS_v3/toolchain/bin/../lib/gcc/arm-none-eabi/4.8.4/../../../../arm-none-eabi/lib/armv6-m/libg_s.a(lib_a-nano-mallocr.o)
                0x20001d04                __malloc_sbrk_start
 .bss.__malloc_free_list
                0x20001d08        0x4 /opt/Freescale/KDS_v3/toolchain/bin/../lib/gcc/arm-none-eabi/4.8.4/../../../../arm-none-eabi/lib/armv6-m/libg_s.a(lib_a-nano-mallocr.o)
                0x20001d08                __malloc_free_list
 .bss.heap_end.4246
                0x20001d0c        0x4 /opt/Freescale/KDS_v3/toolchain/bin/../lib/gcc/arm-none-eabi/4.8.4/../../../../arm-none-eabi/lib/armv6-m/libnosys.a(sbrk.o)
 *(COMMON)
 COMMON         0x20001d10       0x40 ./freertos/source/queue.o
                0x20001d10                xQueueRegistry
 COMMON         0x20001d50        0x4 ./drivers/fsl_clock.o
                0x20001d50                g_xtal0Freq
 COMMON         0x20001d54        0x4 /opt/Freescale/KDS_v3/toolchain/bin/../lib/gcc/arm-none-eabi/4.8.4/../../../../arm-none-eabi/lib/armv6-m/libg_s.a(lib_a-reent.o)
                0x20001d54                errno
                0x20001d58                . = ALIGN (0x4)
                0x20001d58                __bss_end__ = .
                0x20001d58                __END_BSS = .

.heap           0x20001d58      0x400 load address 0x00015834
                0x20001d58                . = ALIGN (0x8)
                0x20001d58                __end__ = .
                0x20001d58                PROVIDE (end, .)
                0x20001d58                __HeapBase = .
                0x20002158                . = (. + HEAP_SIZE)
 *fill*         0x20001d58      0x400 
                0x20002158                __HeapLimit = .
                0x20002158                __heap_limit = .

.stack          0x20002158      0x400 load address 0x00015c34
                0x20002158                . = ALIGN (0x8)
                0x20002558                . = (. + STACK_SIZE)
 *fill*         0x20002158      0x400 
                0x20003000                __StackTop = (ORIGIN (m_data) + 0x4000)
                0x20002c00                __StackLimit = (__StackTop - STACK_SIZE)
                0x20003000                PROVIDE (__stack, __StackTop)

.ARM.attributes
                0x00000000       0x28
 *(.ARM.attributes)
 .ARM.attributes
                0x00000000       0x1e /opt/Freescale/KDS_v3/toolchain/bin/../lib/gcc/arm-none-eabi/4.8.4/armv6-m/crti.o
 .ARM.attributes
                0x0000001e       0x2c /opt/Freescale/KDS_v3/toolchain/bin/../lib/gcc/arm-none-eabi/4.8.4/armv6-m/crtbegin.o
 .ARM.attributes
                0x0000004a       0x1b /opt/Freescale/KDS_v3/toolchain/bin/../lib/gcc/arm-none-eabi/4.8.4/../../../../arm-none-eabi/lib/armv6-m/crt0.o
 .ARM.attributes
                0x00000065       0x32 ./utilities/fsl_assert.o
 .ARM.attributes
                0x00000097       0x32 ./utilities/fsl_debug_console.o
 .ARM.attributes
                0x000000c9       0x32 ./utilities/fsl_io.o
 .ARM.attributes
                0x000000fb       0x32 ./utilities/fsl_log.o
 .ARM.attributes
                0x0000012d       0x32 ./utilities/fsl_str.o
 .ARM.attributes
                0x0000015f       0x1b ./startup/startup_MKE06Z4.o
 .ARM.attributes
                0x0000017a       0x32 ./source/main.o
 .ARM.attributes
                0x000001ac       0x32 ./freertos/source/list.o
 .ARM.attributes
                0x000001de       0x32 ./freertos/source/queue.o
 .ARM.attributes
                0x00000210       0x32 ./freertos/source/tasks.o
 .ARM.attributes
                0x00000242       0x32 ./freertos/source/timers.o
 .ARM.attributes
                0x00000274       0x32 ./freertos/portable/fsl_tickless_systick.o
 .ARM.attributes
                0x000002a6       0x32 ./freertos/portable/heap_4.o
 .ARM.attributes
                0x000002d8       0x32 ./freertos/portable/port.o
 .ARM.attributes
                0x0000030a       0x32 ./drivers/fsl_adc.o
 .ARM.attributes
                0x0000033c       0x32 ./drivers/fsl_clock.o
 .ARM.attributes
                0x0000036e       0x32 ./drivers/fsl_ftm.o
 .ARM.attributes
                0x000003a0       0x32 ./drivers/fsl_gpio.o
 .ARM.attributes
                0x000003d2       0x32 ./drivers/fsl_i2c.o
 .ARM.attributes
                0x00000404       0x32 ./drivers/fsl_mscan.o
 .ARM.attributes
                0x00000436       0x32 ./drivers/fsl_pit.o
 .ARM.attributes
                0x00000468       0x32 ./drivers/fsl_port.o
 .ARM.attributes
                0x0000049a       0x32 ./drivers/fsl_rtc.o
 .ARM.attributes
                0x000004cc       0x32 ./drivers/fsl_spi.o
 .ARM.attributes
                0x000004fe       0x32 ./drivers/fsl_uart.o
 .ARM.attributes
                0x00000530       0x32 ./board/board.o
 .ARM.attributes
                0x00000562       0x32 ./board/clock_config.o
 .ARM.attributes
                0x00000594       0x32 ./board/pin_mux.o
 .ARM.attributes
                0x000005c6       0x32 ./CMSIS/system_MKE06Z4.o
 .ARM.attributes
                0x000005f8       0x32 ./AppSmartAqua/AppControll.o
 .ARM.attributes
                0x0000062a       0x32 ./AppSmartAqua/AppDisplay.o
 .ARM.attributes
                0x0000065c       0x32 ./AppSmartAqua/AppIO.o
 .ARM.attributes
                0x0000068e       0x32 ./AppSmartAqua/AppIhm.o
 .ARM.attributes
                0x000006c0       0x32 ./AppSmartAqua/AppLCD16x2.o
 .ARM.attributes
                0x000006f2       0x32 ./AppSmartAqua/AppPwm.o
 .ARM.attributes
                0x00000724       0x32 ./AppSmartAqua/AppRtc.o
 .ARM.attributes
                0x00000756       0x32 ./AppSmartAqua/AppShell.o
 .ARM.attributes
                0x00000788       0x32 ./AppSmartAqua/AppTemperature.o
 .ARM.attributes
                0x000007ba       0x32 ./AppSmartAqua/AppTimer.o
 .ARM.attributes
                0x000007ec       0x2c /opt/Freescale/KDS_v3/toolchain/bin/../lib/gcc/arm-none-eabi/4.8.4/../../../../arm-none-eabi/lib/armv6-m/libm.a(lib_a-w_log.o)
 .ARM.attributes
                0x00000818       0x2c /opt/Freescale/KDS_v3/toolchain/bin/../lib/gcc/arm-none-eabi/4.8.4/../../../../arm-none-eabi/lib/armv6-m/libm.a(lib_a-w_pow.o)
 .ARM.attributes
                0x00000844       0x2c /opt/Freescale/KDS_v3/toolchain/bin/../lib/gcc/arm-none-eabi/4.8.4/../../../../arm-none-eabi/lib/armv6-m/libm.a(lib_a-e_log.o)
 .ARM.attributes
                0x00000870       0x2c /opt/Freescale/KDS_v3/toolchain/bin/../lib/gcc/arm-none-eabi/4.8.4/../../../../arm-none-eabi/lib/armv6-m/libm.a(lib_a-e_pow.o)
 .ARM.attributes
                0x0000089c       0x2c /opt/Freescale/KDS_v3/toolchain/bin/../lib/gcc/arm-none-eabi/4.8.4/../../../../arm-none-eabi/lib/armv6-m/libm.a(lib_a-e_sqrt.o)
 .ARM.attributes
                0x000008c8       0x2c /opt/Freescale/KDS_v3/toolchain/bin/../lib/gcc/arm-none-eabi/4.8.4/../../../../arm-none-eabi/lib/armv6-m/libm.a(lib_a-s_fabs.o)
 .ARM.attributes
                0x000008f4       0x2c /opt/Freescale/KDS_v3/toolchain/bin/../lib/gcc/arm-none-eabi/4.8.4/../../../../arm-none-eabi/lib/armv6-m/libm.a(lib_a-s_finite.o)
 .ARM.attributes
                0x00000920       0x2c /opt/Freescale/KDS_v3/toolchain/bin/../lib/gcc/arm-none-eabi/4.8.4/../../../../arm-none-eabi/lib/armv6-m/libm.a(lib_a-s_fpclassify.o)
 .ARM.attributes
                0x0000094c       0x2c /opt/Freescale/KDS_v3/toolchain/bin/../lib/gcc/arm-none-eabi/4.8.4/../../../../arm-none-eabi/lib/armv6-m/libm.a(lib_a-s_lib_ver.o)
 .ARM.attributes
                0x00000978       0x2c /opt/Freescale/KDS_v3/toolchain/bin/../lib/gcc/arm-none-eabi/4.8.4/../../../../arm-none-eabi/lib/armv6-m/libm.a(lib_a-s_matherr.o)
 .ARM.attributes
                0x000009a4       0x2c /opt/Freescale/KDS_v3/toolchain/bin/../lib/gcc/arm-none-eabi/4.8.4/../../../../arm-none-eabi/lib/armv6-m/libm.a(lib_a-s_nan.o)
 .ARM.attributes
                0x000009d0       0x2c /opt/Freescale/KDS_v3/toolchain/bin/../lib/gcc/arm-none-eabi/4.8.4/../../../../arm-none-eabi/lib/armv6-m/libm.a(lib_a-s_rint.o)
 .ARM.attributes
                0x000009fc       0x2c /opt/Freescale/KDS_v3/toolchain/bin/../lib/gcc/arm-none-eabi/4.8.4/../../../../arm-none-eabi/lib/armv6-m/libm.a(lib_a-s_scalbn.o)
 .ARM.attributes
                0x00000a28       0x2c /opt/Freescale/KDS_v3/toolchain/bin/../lib/gcc/arm-none-eabi/4.8.4/../../../../arm-none-eabi/lib/armv6-m/libm.a(lib_a-s_copysign.o)
 .ARM.attributes
                0x00000a54       0x1e /opt/Freescale/KDS_v3/toolchain/bin/../lib/gcc/arm-none-eabi/4.8.4/armv6-m/libgcc.a(_udivsi3.o)
 .ARM.attributes
                0x00000a72       0x1e /opt/Freescale/KDS_v3/toolchain/bin/../lib/gcc/arm-none-eabi/4.8.4/armv6-m/libgcc.a(_divsi3.o)
 .ARM.attributes